Starting Flask at  2:23:58.61 
[Trader] Loaded CONFIG overrides from d:\\quant_framework\\live_trader_config.json
[TradeKB] 34 hotkeys registered
[Trader] Auto-sync + Auto-trade started (30s interval, link_trader enabled)
[Realtime] 已加载缓存: 314只
[Realtime] 初始股票池: 4468只A股, 取前1000只
[Realtime] 后台缓存已启动 (3秒批量刷新)
[TDXWatcher] Monitoring D:\通信达技术指标\六合一竞价擒龙（下载到电脑里解压）\六合一竞价擒龙（下载到电脑里解压）\T0002\tpool every 30s
SQLAlchemy 未安装 (不影响 sqlite_persistence 运行). 如需 ORM 功能请执行: pip install sqlalchemy>=2.0
[App] 自动交易状态已恢复: auto=True
[App] Paper auto-trade loop started
[Scheduler] Evolution scheduler started
[App] Auto-evolve system loaded
[App] Knowledge base API loaded
[System] 上次关闭: shutdown: 2026-06-22 02:14:51.906199
[HealthCheck] === 启动健康检查 ===
  [✅] 日线数据: D:\quant_web\stock_data.pkl.gz
  [❌] 因子缓存: D:\quant_web\factor_cache.pkl
  [✅] 价格缓存: D:\quant_framework\price_cache.json
  [✅] 股票名称: D:\quant_web\stock_names_full.csv
  [✅] 交易配置: D:\quant_framework\live_trader_config.json
  [✅] 依赖: numpy
  [✅] 依赖: pandas
  [✅] 依赖: scipy
  [✅] 依赖: flask
  [✅] stock_data可读: 5860只
[HealthCheck] 结果: 有失败项
[PnL] 日频净值记录已启动 (每日15:30)
============================================================
  潜龙选股 Web 系统 v1.0
  http://localhost:5002
============================================================
[Cache] 已加载 200 条回测缓存
[Startup] Watchdog PID file stale, cleaning up[Init] Loading names...

[Startup] Watchdog auto-started
[Names] Loaded 5525 names from CSV
[Names] Builtin: 394 names
[Names] Full CSV loaded: 5525 names, total: 5633
  + app.py
  + auto_evolve.py
  + data_collector.py
  + watchdog.py
  + dingtalk_alerts.py
  + paper_engine.py
  + risk_guard.py
  + realtime_quotes.py
  + live_trader_config.json
  + templates/ (42 files)
  + quant_agent/ (6 files)

📦 备份完成: backup_20260622_022401.zip (277KB)
[Startup] 日终报告已就绪 (每日15:05)
[Startup] 盘前推送已就绪 (每日09:25)
[Startup] 盘后因子更新已就绪 (每日15:30)
[Startup] 日志清理已就绪 (每日)
[Backup] 清理旧备份失败: time data 'backup' does not match format '%Y%m%d'
[Backup] 清理旧备份失败: time data 'backup' does not match format '%Y%m%d'
[Backup] 清理旧备份失败: time data 'backup' does not match format '%Y%m%d'
[Backup] 清理旧备份失败: time data 'backup' does not match format '%Y%m%d'
[Backup] 清理旧备份失败: time data 'backup' does not match format '%Y%m%d'
[Backup] 清理旧备份失败: time data 'backup' does not match format '%Y%m%d'
[Backup] 清理旧备份失败: time data 'backup' does not match format '%Y%m%d'
[Backup] 清理旧备份失败: time data 'backup' does not match format '%Y%m%d'
[Backup] 清理旧备份失败: time data 'backup' does not match format '%Y%m%d'
[Backup] 清理旧备份失败: time data 'backup' does not match format '%Y%m%d'
[Backup] 清理旧备份失败: time data 'backup' does not match format '%Y%m%d'
[Backup] 清理旧备份失败: time data 'backup' does not match format '%Y%m%d'
[Backup] 清理旧备份失败: time data 'backup' does not match format '%Y%m%d'
[Backup] 清理旧备份失败: time data 'backup' does not match format '%Y%m%d'
[Backup] 清理旧备份失败: time data 'backup' does not match format '%Y%m%d'
[Backup] 清理旧备份失败: time data 'backup' does not match format '%Y%m%d'
[Backup] 清理旧备份失败: time data 'backup' does not match format '%Y%m%d'
[Backup] 清理旧备份失败: time data 'backup' does not match format '%Y%m%d'
[Backup] 清理旧备份失败: time data 'backup' does not match format '%Y%m%d'
[Backup] 清理旧备份失败: time data 'backup' does not match format '%Y%m%d'
[Backup] 清理旧备份失败: time data 'backup' does not match format '%Y%m%d'
[Backup] 清理旧备份失败: time data 'backup' does not match format '%Y%m%d'
[Backup] 清理旧备份失败: time data 'backup' does not match format '%Y%m%d'
[Backup] 清理旧备份失败: time data 'backup' does not match format '%Y%m%d'
[Backup] 清理旧备份失败: time data 'backup' does not match format '%Y%m%d'
[Backup] 清理旧备份失败: time data 'backup' does not match format '%Y%m%d'
[Backup] 清理旧备份失败: time data 'backup' does not match format '%Y%m%d'
[Backup] 清理旧备份失败: time data 'backup' does not match format '%Y%m%d'
[Backup] 清理旧备份失败: time data 'backup' does not match format '%Y%m%d'
[Backup] 清理旧备份失败: time data 'backup' does not match format '%Y%m%d'
[Backup] 清理旧备份失败: time data 'backup' does not match format '%Y%m%d'
[Backup] 清理旧备份失败: time data 'backup' does not match format '%Y%m%d'
[Backup] 清理旧备份失败: time data 'backup' does not match format '%Y%m%d'
[Backup] 清理旧备份失败: time data 'backup' does not match format '%Y%m%d'
[Backup] 清理旧备份失败: time data 'backup' does not match format '%Y%m%d'
[Backup] 清理旧备份失败: time data 'backup' does not match format '%Y%m%d'
[Backup] 清理旧备份失败: time data 'backup' does not match format '%Y%m%d'
[Backup] 清理旧备份失败: time data 'backup' does not match format '%Y%m%d'
[Backup] 清理旧备份失败: time data 'backup' does not match format '%Y%m%d'
[Backup] 清理旧备份失败: time data 'backup' does not match format '%Y%m%d'
[Backup] 清理旧备份失败: time data 'backup' does not match format '%Y%m%d'
[Backup] 清理旧备份失败: time data 'backup' does not match format '%Y%m%d'
[Backup] 清理旧备份失败: time data 'backup' does not match format '%Y%m%d'
[Backup] 清理旧备份失败: time data 'backup' does not match format '%Y%m%d'
[Backup] 清理旧备份失败: time data 'backup' does not match format '%Y%m%d'
[Backup] 清理旧备份失败: time data 'backup' does not match format '%Y%m%d'
[Backup] 清理旧备份失败: time data 'backup' does not match format '%Y%m%d'
[Backup] 清理旧备份失败: time data 'backup' does not match format '%Y%m%d'
[Backup] 清理旧备份失败: time data 'backup' does not match format '%Y%m%d'
[Backup] 清理旧备份失败: time data 'backup' does not match format '%Y%m%d'
[Backup] 清理旧备份失败: time data 'backup' does not match format '%Y%m%d'
[Backup] 清理旧备份失败: time data 'backup' does not match format '%Y%m%d'
[Backup] 清理旧备份失败: time data 'backup' does not match format '%Y%m%d'
[Backup] 清理旧备份失败: time data 'backup' does not match format '%Y%m%d'
[Backup] 清理旧备份失败: time data 'backup' does not match format '%Y%m%d'
[Backup] 清理旧备份失败: time data 'backup' does not match format '%Y%m%d'
[Backup] 清理旧备份失败: time data 'backup' does not match format '%Y%m%d'
[Backup] 清理旧备份失败: time data 'backup' does not match format '%Y%m%d'
[Backup] 清理旧备份失败: time data 'backup' does not match format '%Y%m%d'
[Backup] 清理旧备份失败: time data 'backup' does not match format '%Y%m%d'
[Backup] 清理旧备份失败: time data 'backup' does not match format '%Y%m%d'
[Backup] 清理旧备份失败: time data 'backup' does not match format '%Y%m%d'
[Backup] 清理旧备份失败: time data 'backup' does not match format '%Y%m%d'
[Backup] 清理旧备份失败: time data 'backup' does not match format '%Y%m%d'
[Backup] 清理旧备份失败: time data 'backup' does not match format '%Y%m%d'
[Backup] 清理旧备份失败: time data 'backup' does not match format '%Y%m%d'
[Backup] 清理旧备份失败: time data 'backup' does not match format '%Y%m%d'
[Backup] 清理旧备份失败: time data 'backup' does not match format '%Y%m%d'
[Backup] 清理旧备份失败: time data 'backup' does not match format '%Y%m%d'
[Backup] 清理旧备份失败: time data 'backup' does not match format '%Y%m%d'
[Backup] 清理旧备份失败: time data 'backup' does not match format '%Y%m%d'
[Backup] 清理旧备份失败: time data 'backup' does not match format '%Y%m%d'
[Backup] 清理旧备份失败: time data 'backup' does not match format '%Y%m%d'
[Backup] 清理旧备份失败: time data 'backup' does not match format '%Y%m%d'
[Backup] 清理旧备份失败: time data 'backup' does not match format '%Y%m%d'
[Backup] 清理旧备份失败: time data 'backup' does not match format '%Y%m%d'
[Backup] 清理旧备份失败: time data 'backup' does not match format '%Y%m%d'
[Backup] 清理旧备份失败: time data 'backup' does not match format '%Y%m%d'
[Backup] 清理旧备份失败: time data 'backup' does not match format '%Y%m%d'
[Backup] 清理旧备份失败: time data 'backup' does not match format '%Y%m%d'
[Backup] 清理旧备份失败: time data 'backup' does not match format '%Y%m%d'
[Backup] 清理旧备份失败: time data 'backup' does not match format '%Y%m%d'
[Backup] 清理旧备份失败: time data 'backup' does not match format '%Y%m%d'
[Backup] 清理旧备份失败: time data 'backup' does not match format '%Y%m%d'
[Backup] 清理旧备份失败: time data 'backup' does not match format '%Y%m%d'
[Backup] 清理旧备份失败: time data 'backup' does not match format '%Y%m%d'
[Backup] 清理旧备份失败: time data 'backup' does not match format '%Y%m%d'
[Backup] 清理旧备份失败: time data 'backup' does not match format '%Y%m%d'
[Backup] 清理旧备份失败: time data 'backup' does not match format '%Y%m%d'
[Backup] 清理旧备份失败: time data 'backup' does not match format '%Y%m%d'
[Backup] 清理旧备份失败: time data 'backup' does not match format '%Y%m%d'
[Backup] 清理旧备份失败: time data 'backup' does not match format '%Y%m%d'
[Backup] 清理旧备份失败: time data 'backup' does not match format '%Y%m%d'
[Backup] 清理旧备份失败: time data 'backup' does not match format '%Y%m%d'
[Backup] 清理旧备份失败: time data 'backup' does not match format '%Y%m%d'
[Backup] 清理旧备份失败: time data 'backup' does not match format '%Y%m%d'
[Backup] 清理旧备份失败: time data 'backup' does not match format '%Y%m%d'
[Backup] 清理旧备份失败: time data 'backup' does not match format '%Y%m%d'
[Backup] 清理旧备份失败: time data 'backup' does not match format '%Y%m%d'
[Backup] 清理旧备份失败: time data 'backup' does not match format '%Y%m%d'
[Backup] 清理旧备份失败: time data 'backup' does not match format '%Y%m%d'
[Backup] 清理旧备份失败: time data 'backup' does not match format '%Y%m%d'
[Backup] 清理旧备份失败: time data 'backup' does not match format '%Y%m%d'
[Backup] 清理旧备份失败: time data 'backup' does not match format '%Y%m%d'
[Backup] 清理旧备份失败: time data 'backup' does not match format '%Y%m%d'
[Backup] 清理旧备份失败: time data 'backup' does not match format '%Y%m%d'
[Backup] 清理旧备份失败: time data 'backup' does not match format '%Y%m%d'
[Backup] 清理旧备份失败: time data 'backup' does not match format '%Y%m%d'
[Backup] 清理旧备份失败: time data 'backup' does not match format '%Y%m%d'
[Backup] 清理旧备份失败: time data 'backup' does not match format '%Y%m%d'
[Backup] 清理旧备份失败: time data 'backup' does not match format '%Y%m%d'
[Backup] 清理旧备份失败: time data 'backup' does not match format '%Y%m%d'
[Backup] 清理旧备份失败: time data 'backup' does not match format '%Y%m%d'
[Backup] 清理旧备份失败: time data 'backup' does not match format '%Y%m%d'
[Backup] 清理旧备份失败: time data 'backup' does not match format '%Y%m%d'
[Backup] 清理旧备份失败: time data 'backup' does not match format '%Y%m%d'
[Backup] 清理旧备份失败: time data 'backup' does not match format '%Y%m%d'
[Backup] 清理旧备份失败: time data 'backup' does not match format '%Y%m%d'
[Backup] 清理旧备份失败: time data 'backup' does not match format '%Y%m%d'
[Backup] 清理旧备份失败: time data 'backup' does not match format '%Y%m%d'
[Backup] 清理旧备份失败: time data 'backup' does not match format '%Y%m%d'
[Backup] 清理旧备份失败: time data 'backup' does not match format '%Y%m%d'
[Backup] 清理旧备份失败: time data 'backup' does not match format '%Y%m%d'
[Backup] 清理旧备份失败: time data 'backup' does not match format '%Y%m%d'
[Backup] 清理旧备份失败: time data 'backup' does not match format '%Y%m%d'
[Backup] 清理旧备份失败: time data 'backup' does not match format '%Y%m%d'
[Backup] 清理旧备份失败: time data 'backup' does not match format '%Y%m%d'
[Backup] 清理旧备份失败: time data 'backup' does not match format '%Y%m%d'
[Backup] 清理旧备份失败: time data 'backup' does not match format '%Y%m%d'
[Backup] 清理旧备份失败: time data 'backup' does not match format '%Y%m%d'
[Backup] 清理旧备份失败: time data 'backup' does not match format '%Y%m%d'
[Backup] 清理旧备份失败: time data 'backup' does not match format '%Y%m%d'
[Backup] 清理旧备份失败: time data 'backup' does not match format '%Y%m%d'
[Backup] 清理旧备份失败: time data 'backup' does not match format '%Y%m%d'
[Backup] 清理旧备份失败: time data 'backup' does not match format '%Y%m%d'
[Backup] 清理旧备份失败: time data 'backup' does not match format '%Y%m%d'
[Backup] 清理旧备份失败: time data 'backup' does not match format '%Y%m%d'
[Backup] 清理旧备份失败: time data 'backup' does not match format '%Y%m%d'
[Backup] 清理旧备份失败: time data 'backup' does not match format '%Y%m%d'
[Backup] 清理旧备份失败: time data 'backup' does not match format '%Y%m%d'
[Backup] 清理旧备份失败: time data 'backup' does not match format '%Y%m%d'
[Backup] 清理旧备份失败: time data 'backup' does not match format '%Y%m%d'
[Backup] 清理旧备份失败: time data 'backup' does not match format '%Y%m%d'
[Backup] 清理旧备份失败: time data 'backup' does not match format '%Y%m%d'
[Backup] 清理旧备份失败: time data 'backup' does not match format '%Y%m%d'
[Backup] 清理旧备份失败: time data 'backup' does not match format '%Y%m%d'
[Backup] 清理旧备份失败: time data 'backup' does not match format '%Y%m%d'
[Backup] 清理旧备份失败: time data 'backup' does not match format '%Y%m%d'
[Backup] 清理旧备份失败: time data 'backup' does not match format '%Y%m%d'
[Backup] 清理旧备份失败: time data 'backup' does not match format '%Y%m%d'
[Backup] 清理旧备份失败: time data 'backup' does not match format '%Y%m%d'
[Backup] 清理旧备份失败: time data 'backup' does not match format '%Y%m%d'
[Backup] 清理旧备份失败: time data 'backup' does not match format '%Y%m%d'
[Backup] 清理旧备份失败: time data 'backup' does not match format '%Y%m%d'
[Backup] 清理旧备份失败: time data 'backup' does not match format '%Y%m%d'
[Backup] 清理旧备份失败: time data 'backup' does not match format '%Y%m%d'
[Backup] 清理旧备份失败: time data 'backup' does not match format '%Y%m%d'
[Backup] 清理旧备份失败: time data 'backup' does not match format '%Y%m%d'
[Backup] 清理旧备份失败: time data 'backup' does not match format '%Y%m%d'
[Backup] 清理旧备份失败: time data 'backup' does not match format '%Y%m%d'
[Backup] 清理旧备份失败: time data 'backup' does not match format '%Y%m%d'
[Backup] 清理旧备份失败: time data 'backup' does not match format '%Y%m%d'
[Backup] 清理旧备份失败: time data 'backup' does not match format '%Y%m%d'
[Backup] 清理旧备份失败: time data 'backup' does not match format '%Y%m%d'
[Backup] 清理旧备份失败: time data 'backup' does not match format '%Y%m%d'
[Backup] 清理旧备份失败: time data 'backup' does not match format '%Y%m%d'
[Backup] 清理旧备份失败: time data 'backup' does not match format '%Y%m%d'
[Backup] 清理旧备份失败: time data 'backup' does not match format '%Y%m%d'
[Backup] 清理旧备份失败: time data 'backup' does not match format '%Y%m%d'
[Backup] 清理旧备份失败: time data 'backup' does not match format '%Y%m%d'
[Backup] 清理旧备份失败: time data 'backup' does not match format '%Y%m%d'
[Backup] 清理旧备份失败: time data 'backup' does not match format '%Y%m%d'
[Backup] 清理旧备份失败: time data 'backup' does not match format '%Y%m%d'
[Backup] 清理旧备份失败: time data 'backup' does not match format '%Y%m%d'
[Backup] 清理旧备份失败: time data 'backup' does not match format '%Y%m%d'
[Backup] 清理旧备份失败: time data 'backup' does not match format '%Y%m%d'
[Backup] 清理旧备份失败: time data 'backup' does not match format '%Y%m%d'
[Backup] 清理旧备份失败: time data 'backup' does not match format '%Y%m%d'
[Backup] 清理旧备份失败: time data 'backup' does not match format '%Y%m%d'
[Backup] 清理旧备份失败: time data 'backup' does not match format '%Y%m%d'
[Backup] 清理旧备份失败: time data 'backup' does not match format '%Y%m%d'
[Backup] 清理旧备份失败: time data 'backup' does not match format '%Y%m%d'
[Backup] 清理旧备份失败: time data 'backup' does not match format '%Y%m%d'
[Backup] 清理旧备份失败: time data 'backup' does not match format '%Y%m%d'
[Backup] 清理旧备份失败: time data 'backup' does not match format '%Y%m%d'
[Backup] 清理旧备份失败: time data 'backup' does not match format '%Y%m%d'
[Backup] 清理旧备份失败: time data 'backup' does not match format '%Y%m%d'
[Backup] 清理旧备份失败: time data 'backup' does not match format '%Y%m%d'
[Backup] 清理旧备份失败: time data 'backup' does not match format '%Y%m%d'
[Backup] 清理旧备份失败: time data 'backup' does not match format '%Y%m%d'
[Backup] 清理旧备份失败: time data 'backup' does not match format '%Y%m%d'
[Backup] 清理旧备份失败: time data 'backup' does not match format '%Y%m%d'
[Backup] 清理旧备份失败: time data 'backup' does not match format '%Y%m%d'
[Backup] 清理旧备份失败: time data 'backup' does not match format '%Y%m%d'
[Backup] 清理旧备份失败: time data 'backup' does not match format '%Y%m%d'
[Backup] 清理旧备份失败: time data 'backup' does not match format '%Y%m%d'
[Backup] 清理旧备份失败: time data 'backup' does not match format '%Y%m%d'
[Backup] 清理旧备份失败: time data 'backup' does not match format '%Y%m%d'
[Backup] 清理旧备份失败: time data 'backup' does not match format '%Y%m%d'
[Backup] 清理旧备份失败: time data 'backup' does not match format '%Y%m%d'
[Backup] 清理旧备份失败: time data 'backup' does not match format '%Y%m%d'
[Backup] 清理旧备份失败: time data 'backup' does not match format '%Y%m%d'
[Backup] 清理旧备份失败: time data 'backup' does not match format '%Y%m%d'
[Backup] 清理旧备份失败: time data 'backup' does not match format '%Y%m%d'
[Backup] 清理旧备份失败: time data 'backup' does not match format '%Y%m%d'
[Backup] 清理旧备份失败: time data 'backup' does not match format '%Y%m%d'
[Backup] 清理旧备份失败: time data 'backup' does not match format '%Y%m%d'
[Backup] 清理旧备份失败: time data 'backup' does not match format '%Y%m%d'
[Backup] 清理旧备份失败: time data 'backup' does not match format '%Y%m%d'
[Backup] 清理旧备份失败: time data 'backup' does not match format '%Y%m%d'
[Backup] 清理旧备份失败: time data 'backup' does not match format '%Y%m%d'
[Backup] 清理旧备份失败: time data 'backup' does not match format '%Y%m%d'
[Backup] 清理旧备份失败: time data 'backup' does not match format '%Y%m%d'
[Backup] 清理旧备份失败: time data 'backup' does not match format '%Y%m%d'
[Backup] 清理旧备份失败: time data 'backup' does not match format '%Y%m%d'
[Backup] 清理旧备份失败: time data 'backup' does not match format '%Y%m%d'
[Backup] 清理旧备份失败: time data 'backup' does not match format '%Y%m%d'
[Backup] 清理旧备份失败: time data 'backup' does not match format '%Y%m%d'
[Backup] 清理旧备份失败: time data 'backup' does not match format '%Y%m%d'
[Backup] 清理旧备份失败: time data 'backup' does not match format '%Y%m%d'
[Backup] 清理旧备份失败: time data 'backup' does not match format '%Y%m%d'
[Backup] 清理旧备份失败: time data 'backup' does not match format '%Y%m%d'
[Backup] 清理旧备份失败: time data 'backup' does not match format '%Y%m%d'
[Backup] 清理旧备份失败: time data 'backup' does not match format '%Y%m%d'
[Backup] 清理旧备份失败: time data 'backup' does not match format '%Y%m%d'
[Backup] 清理旧备份失败: time data 'backup' does not match format '%Y%m%d'
[Backup] 清理旧备份失败: time data 'backup' does not match format '%Y%m%d'
[Backup] 清理旧备份失败: time data 'backup' does not match format '%Y%m%d'
[Backup] 清理旧备份失败: time data 'backup' does not match format '%Y%m%d'
[Backup] 清理旧备份失败: time data 'backup' does not match format '%Y%m%d'
[Backup] 清理旧备份失败: time data 'backup' does not match format '%Y%m%d'
[Backup] 清理旧备份失败: time data 'backup' does not match format '%Y%m%d'
[Backup] 清理旧备份失败: time data 'backup' does not match format '%Y%m%d'
[Backup] 清理旧备份失败: time data 'backup' does not match format '%Y%m%d'
[Backup] 清理旧备份失败: time data 'backup' does not match format '%Y%m%d'
[Backup] 清理旧备份失败: time data 'backup' does not match format '%Y%m%d'
[Backup] 清理旧备份失败: time data 'backup' does not match format '%Y%m%d'
[Backup] 清理旧备份失败: time data 'backup' does not match format '%Y%m%d'
[Backup] 清理旧备份失败: time data 'backup' does not match format '%Y%m%d'
[Backup] 清理旧备份失败: time data 'backup' does not match format '%Y%m%d'
[Backup] 清理旧备份失败: time data 'backup' does not match format '%Y%m%d'
[Backup] 清理旧备份失败: time data 'backup' does not match format '%Y%m%d'
[Backup] 清理旧备份失败: time data 'backup' does not match format '%Y%m%d'
[Backup] 清理旧备份失败: time data 'backup' does not match format '%Y%m%d'
[Backup] 清理旧备份失败: time data 'backup' does not match format '%Y%m%d'
[Backup] 清理旧备份失败: time data 'backup' does not match format '%Y%m%d'
[Backup] 清理旧备份失败: time data 'backup' does not match format '%Y%m%d'
[Backup] 清理旧备份失败: time data 'backup' does not match format '%Y%m%d'
[Backup] 清理旧备份失败: time data 'backup' does not match format '%Y%m%d'
[Backup] 清理旧备份失败: time data 'backup' does not match format '%Y%m%d'
[Backup] 清理旧备份失败: time data 'backup' does not match format '%Y%m%d'
[Backup] 清理旧备份失败: time data 'backup' does not match format '%Y%m%d'
[Backup] 清理旧备份失败: time data 'backup' does not match format '%Y%m%d'
[Backup] 清理旧备份失败: time data 'backup' does not match format '%Y%m%d'
[Backup] 清理旧备份失败: time data 'backup' does not match format '%Y%m%d'
[Backup] 清理旧备份失败: time data 'backup' does not match format '%Y%m%d'
[Backup] 清理旧备份失败: time data 'backup' does not match format '%Y%m%d'
[Backup] 清理旧备份失败: time data 'backup' does not match format '%Y%m%d'
[Backup] 清理旧备份失败: time data 'backup' does not match format '%Y%m%d'
[Backup] 清理旧备份失败: time data 'backup' does not match format '%Y%m%d'
[Backup] 清理旧备份失败: time data 'backup' does not match format '%Y%m%d'
[Backup] 清理旧备份失败: time data 'backup' does not match format '%Y%m%d'
[Backup] 清理旧备份失败: time data 'backup' does not match format '%Y%m%d'
[Backup] 清理旧备份失败: time data 'backup' does not match format '%Y%m%d'
[Backup] 清理旧备份失败: time data 'backup' does not match format '%Y%m%d'
[Backup] 清理旧备份失败: time data 'backup' does not match format '%Y%m%d'
[Backup] 清理旧备份失败: time data 'backup' does not match format '%Y%m%d'
[Backup] 清理旧备份失败: time data 'backup' does not match format '%Y%m%d'
[Backup] 清理旧备份失败: time data 'backup' does not match format '%Y%m%d'
[Backup] 清理旧备份失败: time data 'backup' does not match format '%Y%m%d'
[Backup] 清理旧备份失败: time data 'backup' does not match format '%Y%m%d'
[Backup] 清理旧备份失败: time data 'backup' does not match format '%Y%m%d'
[Backup] 清理旧备份失败: time data 'backup' does not match format '%Y%m%d'
[Backup] 清理旧备份失败: time data 'backup' does not match format '%Y%m%d'
[Backup] 清理旧备份失败: time data 'backup' does not match format '%Y%m%d'
[Backup] 清理旧备份失败: time data 'backup' does not match format '%Y%m%d'
[Backup] 清理旧备份失败: time data 'backup' does not match format '%Y%m%d'
[Backup] 清理旧备份失败: time data 'backup' does not match format '%Y%m%d'
[Backup] 清理旧备份失败: time data 'backup' does not match format '%Y%m%d'
[Backup] 清理旧备份失败: time data 'backup' does not match format '%Y%m%d'
[Backup] 清理旧备份失败: time data 'backup' does not match format '%Y%m%d'
[Backup] 清理旧备份失败: time data 'backup' does not match format '%Y%m%d'
[Backup] 清理旧备份失败: time data 'backup' does not match format '%Y%m%d'
[Backup] 清理旧备份失败: time data 'backup' does not match format '%Y%m%d'
[Backup] 清理旧备份失败: time data 'backup' does not match format '%Y%m%d'
[Backup] 清理旧备份失败: time data 'backup' does not match format '%Y%m%d'
[Backup] 清理旧备份失败: time data 'backup' does not match format '%Y%m%d'
[Backup] 清理旧备份失败: time data 'backup' does not match format '%Y%m%d'
[Backup] 清理旧备份失败: time data 'backup' does not match format '%Y%m%d'
[Backup] 清理旧备份失败: time data 'backup' does not match format '%Y%m%d'
[Backup] 清理旧备份失败: time data 'backup' does not match format '%Y%m%d'
[Backup] 清理旧备份失败: time data 'backup' does not match format '%Y%m%d'
[Backup] 清理旧备份失败: time data 'backup' does not match format '%Y%m%d'
[Backup] 清理旧备份失败: time data 'backup' does not match format '%Y%m%d'
[Backup] 清理旧备份失败: time data 'backup' does not match format '%Y%m%d'
[Backup] 清理旧备份失败: time data 'backup' does not match format '%Y%m%d'
[Backup] 清理旧备份失败: time data 'backup' does not match format '%Y%m%d'
[Backup] 清理旧备份失败: time data 'backup' does not match format '%Y%m%d'
[Backup] 清理旧备份失败: time data 'backup' does not match format '%Y%m%d'
[Backup] 清理旧备份失败: time data 'backup' does not match format '%Y%m%d'
[Backup] 清理旧备份失败: time data 'backup' does not match format '%Y%m%d'
[Backup] 清理旧备份失败: time data 'backup' does not match format '%Y%m%d'
[Backup] 清理旧备份失败: time data 'backup' does not match format '%Y%m%d'
[Backup] 清理旧备份失败: time data 'backup' does not match format '%Y%m%d'
[Backup] 清理旧备份失败: time data 'backup' does not match format '%Y%m%d'
[Backup] 清理旧备份失败: time data 'backup' does not match format '%Y%m%d'
[Backup] 清理旧备份失败: time data 'backup' does not match format '%Y%m%d'
[Backup] 清理旧备份失败: time data 'backup' does not match format '%Y%m%d'
[Backup] 清理旧备份失败: time data 'backup' does not match format '%Y%m%d'
[Backup] 清理旧备份失败: time data 'backup' does not match format '%Y%m%d'
[Backup] 清理旧备份失败: time data 'backup' does not match format '%Y%m%d'
[Backup] 清理旧备份失败: time data 'backup' does not match format '%Y%m%d'
[Backup] 清理旧备份失败: time data 'backup' does not match format '%Y%m%d'
[Backup] 清理旧备份失败: time data 'backup' does not match format '%Y%m%d'
[Backup] 清理旧备份失败: time data 'backup' does not match format '%Y%m%d'
[Backup] 清理旧备份失败: time data 'backup' does not match format '%Y%m%d'
[Backup] 清理旧备份失败: time data 'backup' does not match format '%Y%m%d'
[Backup] 清理旧备份失败: time data 'backup' does not match format '%Y%m%d'
[Backup] 清理旧备份失败: time data 'backup' does not match format '%Y%m%d'
[Backup] 清理旧备份失败: time data 'backup' does not match format '%Y%m%d'
[Backup] 清理旧备份失败: time data 'backup' does not match format '%Y%m%d'
[Backup] 清理旧备份失败: time data 'backup' does not match format '%Y%m%d'
[Backup] 清理旧备份失败: time data 'backup' does not match format '%Y%m%d'
[Backup] 清理旧备份失败: time data 'backup' does not match format '%Y%m%d'
[Backup] 清理旧备份失败: time data 'backup' does not match format '%Y%m%d'
[Backup] 清理旧备份失败: time data 'backup' does not match format '%Y%m%d'
[Backup] 清理旧备份失败: time data 'backup' does not match format '%Y%m%d'
[Backup] 清理旧备份失败: time data 'backup' does not match format '%Y%m%d'
[Backup] 清理旧备份失败: time data 'backup' does not match format '%Y%m%d'
[Backup] 清理旧备份失败: time data 'backup' does not match format '%Y%m%d'
[Backup] 清理旧备份失败: time data 'backup' does not match format '%Y%m%d'
[Backup] 清理旧备份失败: time data 'backup' does not match format '%Y%m%d'
[Backup] 清理旧备份失败: time data 'backup' does not match format '%Y%m%d'
[Backup] 清理旧备份失败: time data 'backup' does not match format '%Y%m%d'
[Backup] 清理旧备份失败: time data 'backup' does not match format '%Y%m%d'
[Backup] 清理旧备份失败: time data 'backup' does not match format '%Y%m%d'
[Backup] 清理旧备份失败: time data 'backup' does not match format '%Y%m%d'
[Backup] 清理旧备份失败: time data 'backup' does not match format '%Y%m%d'
[Backup] 清理旧备份失败: time data 'backup' does not match format '%Y%m%d'
[Backup] 清理旧备份失败: time data 'backup' does not match format '%Y%m%d'
[Backup] 清理旧备份失败: time data 'backup' does not match format '%Y%m%d'
[Backup] 清理旧备份失败: time data 'backup' does not match format '%Y%m%d'
[Backup] 清理旧备份失败: time data 'backup' does not match format '%Y%m%d'
[Backup] 清理旧备份失败: time data 'backup' does not match format '%Y%m%d'
[Backup] 清理旧备份失败: time data 'backup' does not match format '%Y%m%d'
[Backup] 清理旧备份失败: time data 'backup' does not match format '%Y%m%d'
[Backup] 清理旧备份失败: time data 'backup' does not match format '%Y%m%d'
[Backup] 清理旧备份失败: time data 'backup' does not match format '%Y%m%d'
[Backup] 清理旧备份失败: time data 'backup' does not match format '%Y%m%d'
[Backup] 清理旧备份失败: time data 'backup' does not match format '%Y%m%d'
[Backup] 清理旧备份失败: time data 'backup' does not match format '%Y%m%d'
[Backup] 清理旧备份失败: time data 'backup' does not match format '%Y%m%d'
[Backup] 清理旧备份失败: time data 'backup' does not match format '%Y%m%d'
[Backup] 清理旧备份失败: time data 'backup' does not match format '%Y%m%d'
[Backup] 清理旧备份失败: time data 'backup' does not match format '%Y%m%d'
[Backup] 清理旧备份失败: time data 'backup' does not match format '%Y%m%d'
[Backup] 清理旧备份失败: time data 'backup' does not match format '%Y%m%d'
[Backup] 清理旧备份失败: time data 'backup' does not match format '%Y%m%d'
[Backup] 清理旧备份失败: time data 'backup' does not match format '%Y%m%d'
[Backup] 清理旧备份失败: time data 'backup' does not match format '%Y%m%d'
[Backup] 清理旧备份失败: time data 'backup' does not match format '%Y%m%d'
[Backup] 清理旧备份失败: time data 'backup' does not match format '%Y%m%d'
[Backup] 清理旧备份失败: time data 'backup' does not match format '%Y%m%d'
[Backup] 清理旧备份失败: time data 'backup' does not match format '%Y%m%d'
[Backup] 清理旧备份失败: time data 'backup' does not match format '%Y%m%d'
[Backup] 清理旧备份失败: time data 'backup' does not match format '%Y%m%d'
[Backup] 清理旧备份失败: time data 'backup' does not match format '%Y%m%d'
[Backup] 清理旧备份失败: time data 'backup' does not match format '%Y%m%d'
[Backup] 清理旧备份失败: time data 'backup' does not match format '%Y%m%d'
[Backup] 清理旧备份失败: time data 'backup' does not match format '%Y%m%d'
[Backup] 清理旧备份失败: time data 'backup' does not match format '%Y%m%d'
[Backup] 清理旧备份失败: time data 'backup' does not match format '%Y%m%d'
[Backup] 清理旧备份失败: time data 'backup' does not match format '%Y%m%d'
[Backup] 清理旧备份失败: time data 'backup' does not match format '%Y%m%d'
[Backup] 清理旧备份失败: time data 'backup' does not match format '%Y%m%d'
[Backup] 清理旧备份失败: time data 'backup' does not match format '%Y%m%d'
[Backup] 清理旧备份失败: time data 'backup' does not match format '%Y%m%d'
[Backup] 清理旧备份失败: time data 'backup' does not match format '%Y%m%d'
[Backup] 清理旧备份失败: time data 'backup' does not match format '%Y%m%d'
[Backup] 清理旧备份失败: time data 'backup' does not match format '%Y%m%d'
[Backup] 清理旧备份失败: time data 'backup' does not match format '%Y%m%d'
[Backup] 清理旧备份失败: time data 'backup' does not match format '%Y%m%d'
[Backup] 清理旧备份失败: time data 'backup' does not match format '%Y%m%d'
[Backup] 清理旧备份失败: time data 'backup' does not match format '%Y%m%d'
[Backup] 清理旧备份失败: time data 'backup' does not match format '%Y%m%d'
[Backup] 清理旧备份失败: time data 'backup' does not match format '%Y%m%d'
[Backup] 清理旧备份失败: time data 'backup' does not match format '%Y%m%d'
[Backup] 清理旧备份失败: time data 'backup' does not match format '%Y%m%d'
[Backup] 清理旧备份失败: time data 'backup' does not match format '%Y%m%d'
[Backup] 清理旧备份失败: time data 'backup' does not match format '%Y%m%d'
[Backup] 清理旧备份失败: time data 'backup' does not match format '%Y%m%d'
[Backup] 清理旧备份失败: time data 'backup' does not match format '%Y%m%d'
[Backup] 清理旧备份失败: time data 'backup' does not match format '%Y%m%d'
[Backup] 清理旧备份失败: time data 'backup' does not match format '%Y%m%d'
[Backup] 清理旧备份失败: time data 'backup' does not match format '%Y%m%d'
[Backup] 清理旧备份失败: time data 'backup' does not match format '%Y%m%d'
[Backup] 清理旧备份失败: time data 'backup' does not match format '%Y%m%d'
[Backup] 清理旧备份失败: time data 'backup' does not match format '%Y%m%d'
[Backup] 清理旧备份失败: time data 'backup' does not match format '%Y%m%d'
[Backup] 清理旧备份失败: time data 'backup' does not match format '%Y%m%d'
[Backup] 清理旧备份失败: time data 'backup' does not match format '%Y%m%d'
[Backup] 清理旧备份失败: time data 'backup' does not match format '%Y%m%d'
[Backup] 清理旧备份失败: time data 'backup' does not match format '%Y%m%d'
[Backup] 清理旧备份失败: time data 'backup' does not match format '%Y%m%d'
[Backup] 清理旧备份失败: time data 'backup' does not match format '%Y%m%d'
[Backup] 清理旧备份失败: time data 'backup' does not match format '%Y%m%d'
[Backup] 清理旧备份失败: time data 'backup' does not match format '%Y%m%d'
[Backup] 清理旧备份失败: time data 'backup' does not match format '%Y%m%d'
[Backup] 清理旧备份失败: time data 'backup' does not match format '%Y%m%d'
[Backup] 清理旧备份失败: time data 'backup' does not match format '%Y%m%d'
[Backup] 清理旧备份失败: time data 'backup' does not match format '%Y%m%d'
[Backup] 清理旧备份失败: time data 'backup' does not match format '%Y%m%d'
[Backup] 清理旧备份失败: time data 'backup' does not match format '%Y%m%d'
[Backup] 清理旧备份失败: time data 'backup' does not match format '%Y%m%d'
[Backup] 清理旧备份失败: time data 'backup' does not match format '%Y%m%d'
[Backup] 清理旧备份失败: time data 'backup' does not match format '%Y%m%d'
[Backup] 清理旧备份失败: time data 'backup' does not match format '%Y%m%d'
[Backup] 清理旧备份失败: time data 'backup' does not match format '%Y%m%d'
[Backup] 清理旧备份失败: time data 'backup' does not match format '%Y%m%d'
[Backup] 清理旧备份失败: time data 'backup' does not match format '%Y%m%d'
[Backup] 清理旧备份失败: time data 'backup' does not match format '%Y%m%d'
[Backup] 清理旧备份失败: time data 'backup' does not match format '%Y%m%d'
[Backup] 清理旧备份失败: time data 'backup' does not match format '%Y%m%d'
[Backup] 清理旧备份失败: time data 'backup' does not match format '%Y%m%d'
[Backup] 清理旧备份失败: time data 'backup' does not match format '%Y%m%d'
[Backup] 清理旧备份失败: time data 'backup' does not match format '%Y%m%d'
[Backup] 清理旧备份失败: time data 'backup' does not match format '%Y%m%d'
[Backup] 清理旧备份失败: time data 'backup' does not match format '%Y%m%d'
[Backup] 清理旧备份失败: time data 'backup' does not match format '%Y%m%d'
[Backup] 清理旧备份失败: time data 'backup' does not match format '%Y%m%d'
[Backup] 清理旧备份失败: time data 'backup' does not match format '%Y%m%d'
[Backup] 清理旧备份失败: time data 'backup' does not match format '%Y%m%d'
[Backup] 清理旧备份失败: time data 'backup' does not match format '%Y%m%d'
[Backup] 清理旧备份失败: time data 'backup' does not match format '%Y%m%d'
[Backup] 清理旧备份失败: time data 'backup' does not match format '%Y%m%d'
[Backup] 清理旧备份失败: time data 'backup' does not match format '%Y%m%d'
[Backup] 清理旧备份失败: time data 'backup' does not match format '%Y%m%d'
[Backup] 清理旧备份失败: time data 'backup' does not match format '%Y%m%d'
[Backup] 清理旧备份失败: time data 'backup' does not match format '%Y%m%d'
[Backup] 清理旧备份失败: time data 'backup' does not match format '%Y%m%d'
[Backup] 清理旧备份失败: time data 'backup' does not match format '%Y%m%d'
[Backup] 清理旧备份失败: time data 'backup' does not match format '%Y%m%d'
[Backup] 清理旧备份失败: time data 'backup' does not match format '%Y%m%d'
[Backup] 清理旧备份失败: time data 'backup' does not match format '%Y%m%d'
[Backup] 清理旧备份失败: time data 'backup' does not match format '%Y%m%d'
[Backup] 清理旧备份失败: time data 'backup' does not match format '%Y%m%d'
[Backup] 清理旧备份失败: time data 'backup' does not match format '%Y%m%d'
[Backup] 清理旧备份失败: time data 'backup' does not match format '%Y%m%d'
[Backup] 清理旧备份失败: time data 'backup' does not match format '%Y%m%d'
[Backup] 清理旧备份失败: time data 'backup' does not match format '%Y%m%d'
[Backup] 清理旧备份失败: time data 'backup' does not match format '%Y%m%d'
[Backup] 清理旧备份失败: time data 'backup' does not match format '%Y%m%d'
[Backup] 清理旧备份失败: time data 'backup' does not match format '%Y%m%d'
[Backup] 清理旧备份失败: time data 'backup' does not match format '%Y%m%d'
[Backup] 清理旧备份失败: time data 'backup' does not match format '%Y%m%d'
[Backup] 清理旧备份失败: time data 'backup' does not match format '%Y%m%d'
[Backup] 清理旧备份失败: time data 'backup' does not match format '%Y%m%d'
[Backup] 清理旧备份失败: time data 'backup' does not match format '%Y%m%d'
[Backup] 清理旧备份失败: time data 'backup' does not match format '%Y%m%d'
[Backup] 清理旧备份失败: time data 'backup' does not match format '%Y%m%d'
[Backup] 清理旧备份失败: time data 'backup' does not match format '%Y%m%d'
[Backup] 清理旧备份失败: time data 'backup' does not match format '%Y%m%d'
[Backup] 清理旧备份失败: time data 'backup' does not match format '%Y%m%d'
[Backup] 清理旧备份失败: time data 'backup' does not match format '%Y%m%d'
[Backup] 清理旧备份失败: time data 'backup' does not match format '%Y%m%d'
[Backup] 清理旧备份失败: time data 'backup' does not match format '%Y%m%d'
[Backup] 清理旧备份失败: time data 'backup' does not match format '%Y%m%d'
[Backup] 清理旧备份失败: time data 'backup' does not match format '%Y%m%d'
[Backup] 清理旧备份失败: time data 'backup' does not match format '%Y%m%d'
[Backup] 清理旧备份失败: time data 'backup' does not match format '%Y%m%d'
[Backup] 清理旧备份失败: time data 'backup' does not match format '%Y%m%d'
[Backup] 清理旧备份失败: time data 'backup' does not match format '%Y%m%d'
[Backup] 清理旧备份失败: time data 'backup' does not match format '%Y%m%d'
[Backup] 清理旧备份失败: time data 'backup' does not match format '%Y%m%d'
[Backup] 清理旧备份失败: time data 'backup' does not match format '%Y%m%d'
[Backup] 清理旧备份失败: time data 'backup' does not match format '%Y%m%d'
[Backup] 清理旧备份失败: time data 'backup' does not match format '%Y%m%d'
[Backup] 清理旧备份失败: time data 'backup' does not match format '%Y%m%d'
[Backup] 清理旧备份失败: time data 'backup' does not match format '%Y%m%d'
[Backup] 清理旧备份失败: time data 'backup' does not match format '%Y%m%d'
[Backup] 清理旧备份失败: time data 'backup' does not match format '%Y%m%d'
[Backup] 清理旧备份失败: time data 'backup' does not match format '%Y%m%d'
[Backup] 清理旧备份失败: time data 'backup' does not match format '%Y%m%d'
[Backup] 清理旧备份失败: time data 'backup' does not match format '%Y%m%d'
[Backup] 清理旧备份失败: time data 'backup' does not match format '%Y%m%d'
[Backup] 清理旧备份失败: time data 'backup' does not match format '%Y%m%d'
[Backup] 清理旧备份失败: time data 'backup' does not match format '%Y%m%d'
[Backup] 清理旧备份失败: time data 'backup' does not match format '%Y%m%d'
[Backup] 清理旧备份失败: time data 'backup' does not match format '%Y%m%d'
[Backup] 清理旧备份失败: time data 'backup' does not match format '%Y%m%d'
[Backup] 清理旧备份失败: time data 'backup' does not match format '%Y%m%d'
[Backup] 清理旧备份失败: time data 'backup' does not match format '%Y%m%d'
[Backup] 清理旧备份失败: time data 'backup' does not match format '%Y%m%d'
[Backup] 清理旧备份失败: time data 'backup' does not match format '%Y%m%d'
[Backup] 清理旧备份失败: time data 'backup' does not match format '%Y%m%d'
[Backup] 清理旧备份失败: time data 'backup' does not match format '%Y%m%d'
[Backup] 清理旧备份失败: time data 'backup' does not match format '%Y%m%d'
[Backup] 清理旧备份失败: time data 'backup' does not match format '%Y%m%d'
[Backup] 清理旧备份失败: time data 'backup' does not match format '%Y%m%d'
[Backup] 清理旧备份失败: time data 'backup' does not match format '%Y%m%d'
[Backup] 清理旧备份失败: time data 'backup' does not match format '%Y%m%d'
[Backup] 清理旧备份失败: time data 'backup' does not match format '%Y%m%d'
[Backup] 清理旧备份失败: time data 'backup' does not match format '%Y%m%d'
[Backup] 清理旧备份失败: time data 'backup' does not match format '%Y%m%d'
[Backup] 清理旧备份失败: time data 'backup' does not match format '%Y%m%d'
[Backup] 清理旧备份失败: time data 'backup' does not match format '%Y%m%d'
[Backup] 清理旧备份失败: time data 'backup' does not match format '%Y%m%d'
[Backup] 清理旧备份失败: time data 'backup' does not match format '%Y%m%d'
[Backup] 清理旧备份失败: time data 'backup' does not match format '%Y%m%d'
[Backup] 清理旧备份失败: time data 'backup' does not match format '%Y%m%d'
[Backup] 清理旧备份失败: time data 'backup' does not match format '%Y%m%d'
[Backup] 清理旧备份失败: time data 'backup' does not match format '%Y%m%d'
[Backup] 清理旧备份失败: time data 'backup' does not match format '%Y%m%d'
[Backup] 清理旧备份失败: time data 'backup' does not match format '%Y%m%d'
[Backup] 清理旧备份失败: time data 'backup' does not match format '%Y%m%d'
[Backup] 清理旧备份失败: time data 'backup' does not match format '%Y%m%d'
[Backup] 清理旧备份失败: time data 'backup' does not match format '%Y%m%d'
[Backup] 清理旧备份失败: time data 'backup' does not match format '%Y%m%d'
[Backup] 清理旧备份失败: time data 'backup' does not match format '%Y%m%d'
[Backup] 清理旧备份失败: time data 'backup' does not match format '%Y%m%d'
[Backup] 清理旧备份失败: time data 'backup' does not match format '%Y%m%d'
[Backup] 清理旧备份失败: time data 'backup' does not match format '%Y%m%d'
[Backup] 清理旧备份失败: time data 'backup' does not match format '%Y%m%d'
[Backup] 清理旧备份失败: time data 'backup' does not match format '%Y%m%d'
[Backup] 清理旧备份失败: time data 'backup' does not match format '%Y%m%d'
[Backup] 清理旧备份失败: time data 'backup' does not match format '%Y%m%d'
[Backup] 清理旧备份失败: time data 'backup' does not match format '%Y%m%d'
[Backup] 清理旧备份失败: time data 'backup' does not match format '%Y%m%d'
[Backup] 清理旧备份失败: time data 'backup' does not match format '%Y%m%d'
[Backup] 清理旧备份失败: time data 'backup' does not match format '%Y%m%d'
[Backup] 清理旧备份失败: time data 'backup' does not match format '%Y%m%d'
[Backup] 清理旧备份失败: time data 'backup' does not match format '%Y%m%d'
[Backup] 清理旧备份失败: time data 'backup' does not match format '%Y%m%d'
[Backup] 清理旧备份失败: time data 'backup' does not match format '%Y%m%d'
[Backup] 清理旧备份失败: time data 'backup' does not match format '%Y%m%d'
[Backup] 清理旧备份失败: time data 'backup' does not match format '%Y%m%d'
[Backup] 清理旧备份失败: time data 'backup' does not match format '%Y%m%d'
[Backup] 清理旧备份失败: time data 'backup' does not match format '%Y%m%d'
[Backup] 清理旧备份失败: time data 'backup' does not match format '%Y%m%d'
[Backup] 清理旧备份失败: time data 'backup' does not match format '%Y%m%d'
[Backup] 清理旧备份失败: time data 'backup' does not match format '%Y%m%d'
[Backup] 清理旧备份失败: time data 'backup' does not match format '%Y%m%d'
[Backup] 清理旧备份失败: time data 'backup' does not match format '%Y%m%d'
[Backup] 清理旧备份失败: time data 'backup' does not match format '%Y%m%d'
[Backup] 清理旧备份失败: time data 'backup' does not match format '%Y%m%d'
[Backup] 清理旧备份失败: time data 'backup' does not match format '%Y%m%d'
[Backup] 清理旧备份失败: time data 'backup' does not match format '%Y%m%d'
[Backup] 清理旧备份失败: time data 'backup' does not match format '%Y%m%d'
[Backup] 清理旧备份失败: time data 'backup' does not match format '%Y%m%d'
[Backup] 清理旧备份失败: time data 'backup' does not match format '%Y%m%d'
[Backup] 清理旧备份失败: time data 'backup' does not match format '%Y%m%d'
[Backup] 清理旧备份失败: time data 'backup' does not match format '%Y%m%d'
[Backup] 清理旧备份失败: time data 'backup' does not match format '%Y%m%d'
[Backup] 清理旧备份失败: time data 'backup' does not match format '%Y%m%d'
[Backup] 清理旧备份失败: time data 'backup' does not match format '%Y%m%d'
[Backup] 清理旧备份失败: time data 'backup' does not match format '%Y%m%d'
[Backup] 清理旧备份失败: time data 'backup' does not match format '%Y%m%d'
[Backup] 清理旧备份失败: time data 'backup' does not match format '%Y%m%d'
[Backup] 清理旧备份失败: time data 'backup' does not match format '%Y%m%d'
[Backup] 清理旧备份失败: time data 'backup' does not match format '%Y%m%d'
[Backup] 清理旧备份失败: time data 'backup' does not match format '%Y%m%d'
[Backup] 清理旧备份失败: time data 'backup' does not match format '%Y%m%d'
[Backup] 清理旧备份失败: time data 'backup' does not match format '%Y%m%d'
[Backup] 清理旧备份失败: time data 'backup' does not match format '%Y%m%d'
[Backup] 清理旧备份失败: time data 'backup' does not match format '%Y%m%d'
[Backup] 清理旧备份失败: time data 'backup' does not match format '%Y%m%d'
[Backup] 清理旧备份失败: time data 'backup' does not match format '%Y%m%d'
[Backup] 清理旧备份失败: time data 'backup' does not match format '%Y%m%d'
[Backup] 清理旧备份失败: time data 'backup' does not match format '%Y%m%d'
[Backup] 清理旧备份失败: time data 'backup' does not match format '%Y%m%d'
[Backup] 清理旧备份失败: time data 'backup' does not match format '%Y%m%d'
[Backup] 清理旧备份失败: time data 'backup' does not match format '%Y%m%d'
[Backup] 清理旧备份失败: time data 'backup' does not match format '%Y%m%d'
[Backup] 清理旧备份失败: time data 'backup' does not match format '%Y%m%d'
[Backup] 清理旧备份失败: time data 'backup' does not match format '%Y%m%d'
[Backup] 清理旧备份失败: time data 'backup' does not match format '%Y%m%d'
[Backup] 清理旧备份失败: time data 'backup' does not match format '%Y%m%d'
[Backup] 清理旧备份失败: time data 'backup' does not match format '%Y%m%d'
[Backup] 清理旧备份失败: time data 'backup' does not match format '%Y%m%d'
[Backup] 清理旧备份失败: time data 'backup' does not match format '%Y%m%d'
[Backup] 清理旧备份失败: time data 'backup' does not match format '%Y%m%d'
[Backup] 清理旧备份失败: time data 'backup' does not match format '%Y%m%d'
[Backup] 清理旧备份失败: time data 'backup' does not match format '%Y%m%d'
[Backup] 清理旧备份失败: time data 'backup' does not match format '%Y%m%d'
[Backup] 清理旧备份失败: time data 'backup' does not match format '%Y%m%d'
[Backup] 清理旧备份失败: time data 'backup' does not match format '%Y%m%d'
[Backup] 清理旧备份失败: time data 'backup' does not match format '%Y%m%d'
[Backup] 清理旧备份失败: time data 'backup' does not match format '%Y%m%d'
[Backup] 清理旧备份失败: time data 'backup' does not match format '%Y%m%d'
[Backup] 清理旧备份失败: time data 'backup' does not match format '%Y%m%d'
[Backup] 清理旧备份失败: time data 'backup' does not match format '%Y%m%d'
[Backup] 清理旧备份失败: time data 'backup' does not match format '%Y%m%d'
[Backup] 清理旧备份失败: time data 'backup' does not match format '%Y%m%d'
[Backup] 清理旧备份失败: time data 'backup' does not match format '%Y%m%d'
[Backup] 清理旧备份失败: time data 'backup' does not match format '%Y%m%d'
[Backup] 清理旧备份失败: time data 'backup' does not match format '%Y%m%d'
[Backup] 清理旧备份失败: time data 'backup' does not match format '%Y%m%d'
[Backup] 清理旧备份失败: time data 'backup' does not match format '%Y%m%d'
[Backup] 清理旧备份失败: time data 'backup' does not match format '%Y%m%d'
[Backup] 清理旧备份失败: time data 'backup' does not match format '%Y%m%d'
[Backup] 清理旧备份失败: time data 'backup' does not match format '%Y%m%d'
[Backup] 清理旧备份失败: time data 'backup' does not match format '%Y%m%d'
[Backup] 清理旧备份失败: time data 'backup' does not match format '%Y%m%d'
[Backup] 清理旧备份失败: time data 'backup' does not match format '%Y%m%d'
[Backup] 清理旧备份失败: time data 'backup' does not match format '%Y%m%d'
[Backup] 清理旧备份失败: time data 'backup' does not match format '%Y%m%d'
[Backup] 清理旧备份失败: time data 'backup' does not match format '%Y%m%d'
[Backup] 清理旧备份失败: time data 'backup' does not match format '%Y%m%d'
[Backup] 清理旧备份失败: time data 'backup' does not match format '%Y%m%d'
[Backup] 清理旧备份失败: time data 'backup' does not match format '%Y%m%d'
[Backup] 清理旧备份失败: time data 'backup' does not match format '%Y%m%d'
[Backup] 清理旧备份失败: time data 'backup' does not match format '%Y%m%d'
[Backup] 清理旧备份失败: time data 'backup' does not match format '%Y%m%d'
[Backup] 清理旧备份失败: time data 'backup' does not match format '%Y%m%d'
[Backup] 清理旧备份失败: time data 'backup' does not match format '%Y%m%d'
[Backup] 清理旧备份失败: time data 'backup' does not match format '%Y%m%d'
[Backup] 清理旧备份失败: time data 'backup' does not match format '%Y%m%d'
[Backup] 清理旧备份失败: time data 'backup' does not match format '%Y%m%d'
[Backup] 清理旧备份失败: time data 'backup' does not match format '%Y%m%d'
[Backup] 清理旧备份失败: time data 'backup' does not match format '%Y%m%d'
[Backup] 清理旧备份失败: time data 'backup' does not match format '%Y%m%d'
[Backup] 清理旧备份失败: time data 'backup' does not match format '%Y%m%d'
[Backup] 清理旧备份失败: time data 'backup' does not match format '%Y%m%d'
[Backup] 清理旧备份失败: time data 'backup' does not match format '%Y%m%d'
[Backup] 清理旧备份失败: time data 'backup' does not match format '%Y%m%d'
[Backup] 清理旧备份失败: time data 'backup' does not match format '%Y%m%d'
[Backup] 清理旧备份失败: time data 'backup' does not match format '%Y%m%d'
[Backup] 清理旧备份失败: time data 'backup' does not match format '%Y%m%d'
[Backup] 清理旧备份失败: time data 'backup' does not match format '%Y%m%d'
[Backup] 清理旧备份失败: time data 'backup' does not match format '%Y%m%d'
[Backup] 清理旧备份失败: time data 'backup' does not match format '%Y%m%d'
[Backup] 清理旧备份失败: time data 'backup' does not match format '%Y%m%d'
[Backup] 清理旧备份失败: time data 'backup' does not match format '%Y%m%d'
[Backup] 清理旧备份失败: time data 'backup' does not match format '%Y%m%d'
[Backup] 清理旧备份失败: time data 'backup' does not match format '%Y%m%d'
[Backup] 清理旧备份失败: time data 'backup' does not match format '%Y%m%d'
[Backup] 清理旧备份失败: time data 'backup' does not match format '%Y%m%d'
[Backup] 清理旧备份失败: time data 'backup' does not match format '%Y%m%d'
[Backup] 清理旧备份失败: time data 'backup' does not match format '%Y%m%d'
[Backup] 清理旧备份失败: time data 'backup' does not match format '%Y%m%d'
[Backup] 清理旧备份失败: time data 'backup' does not match format '%Y%m%d'
[Backup] 清理旧备份失败: time data 'backup' does not match format '%Y%m%d'
[Backup] 清理旧备份失败: time data 'backup' does not match format '%Y%m%d'
[Backup] 清理旧备份失败: time data 'backup' does not match format '%Y%m%d'
[Backup] 清理旧备份失败: time data 'backup' does not match format '%Y%m%d'
[Backup] 清理旧备份失败: time data 'backup' does not match format '%Y%m%d'
[Backup] 清理旧备份失败: time data 'backup' does not match format '%Y%m%d'
[Backup] 清理旧备份失败: time data 'backup' does not match format '%Y%m%d'
[Backup] 清理旧备份失败: time data 'backup' does not match format '%Y%m%d'
[Backup] 清理旧备份失败: time data 'backup' does not match format '%Y%m%d'
[Backup] 清理旧备份失败: time data 'backup' does not match format '%Y%m%d'
[Backup] 清理旧备份失败: time data 'backup' does not match format '%Y%m%d'
[Backup] 清理旧备份失败: time data 'backup' does not match format '%Y%m%d'
[Backup] 清理旧备份失败: time data 'backup' does not match format '%Y%m%d'
[Backup] 清理旧备份失败: time data 'backup' does not match format '%Y%m%d'
[Backup] 清理旧备份失败: time data 'backup' does not match format '%Y%m%d'
[Backup] 清理旧备份失败: time data 'backup' does not match format '%Y%m%d'
[Backup] 清理旧备份失败: time data 'backup' does not match format '%Y%m%d'
[Backup] 清理旧备份失败: time data 'backup' does not match format '%Y%m%d'
[Backup] 清理旧备份失败: time data 'backup' does not match format '%Y%m%d'
[Backup] 清理旧备份失败: time data 'backup' does not match format '%Y%m%d'
[Backup] 清理旧备份失败: time data 'backup' does not match format '%Y%m%d'
[Backup] 清理旧备份失败: time data 'backup' does not match format '%Y%m%d'
[Backup] 清理旧备份失败: time data 'backup' does not match format '%Y%m%d'
[Backup] 清理旧备份失败: time data 'backup' does not match format '%Y%m%d'
[Backup] 清理旧备份失败: time data 'backup' does not match format '%Y%m%d'
[Backup] 清理旧备份失败: time data 'backup' does not match format '%Y%m%d'
[Backup] 清理旧备份失败: time data 'backup' does not match format '%Y%m%d'
[Backup] 清理旧备份失败: time data 'backup' does not match format '%Y%m%d'
[Backup] 清理旧备份失败: time data 'backup' does not match format '%Y%m%d'
[Backup] 清理旧备份失败: time data 'backup' does not match format '%Y%m%d'
[Backup] 清理旧备份失败: time data 'backup' does not match format '%Y%m%d'
[Backup] 清理旧备份失败: time data 'backup' does not match format '%Y%m%d'
[Backup] 清理旧备份失败: time data 'backup' does not match format '%Y%m%d'
[Backup] 清理旧备份失败: time data 'backup' does not match format '%Y%m%d'
[Backup] 清理旧备份失败: time data 'backup' does not match format '%Y%m%d'
[Backup] 清理旧备份失败: time data 'backup' does not match format '%Y%m%d'
[Backup] 清理旧备份失败: time data 'backup' does not match format '%Y%m%d'
[Backup] 清理旧备份失败: time data 'backup' does not match format '%Y%m%d'
[Backup] 清理旧备份失败: time data 'backup' does not match format '%Y%m%d'
[Backup] 清理旧备份失败: time data 'backup' does not match format '%Y%m%d'
[Backup] 清理旧备份失败: time data 'backup' does not match format '%Y%m%d'
[Backup] 清理旧备份失败: time data 'backup' does not match format '%Y%m%d'
[Backup] 清理旧备份失败: time data 'backup' does not match format '%Y%m%d'
[Backup] 清理旧备份失败: time data 'backup' does not match format '%Y%m%d'
[Backup] 清理旧备份失败: time data 'backup' does not match format '%Y%m%d'
[Backup] 清理旧备份失败: time data 'backup' does not match format '%Y%m%d'
[Backup] 清理旧备份失败: time data 'backup' does not match format '%Y%m%d'
[Backup] 清理旧备份失败: time data 'backup' does not match format '%Y%m%d'
[Backup] 清理旧备份失败: time data 'backup' does not match format '%Y%m%d'
[Backup] 清理旧备份失败: time data 'backup' does not match format '%Y%m%d'
[Backup] 清理旧备份失败: time data 'backup' does not match format '%Y%m%d'
[Backup] 清理旧备份失败: time data 'backup' does not match format '%Y%m%d'
[Backup] 清理旧备份失败: time data 'backup' does not match format '%Y%m%d'
[Backup] 清理旧备份失败: time data 'backup' does not match format '%Y%m%d'
[Backup] 清理旧备份失败: time data 'backup' does not match format '%Y%m%d'
[Backup] 清理旧备份失败: time data 'backup' does not match format '%Y%m%d'
[Backup] 清理旧备份失败: time data 'backup' does not match format '%Y%m%d'
[Backup] 清理旧备份失败: time data 'backup' does not match format '%Y%m%d'
[Backup] 清理旧备份失败: time data 'backup' does not match format '%Y%m%d'
[Backup] 清理旧备份失败: time data 'backup' does not match format '%Y%m%d'
[Backup] 清理旧备份失败: time data 'backup' does not match format '%Y%m%d'
[Backup] 清理旧备份失败: time data 'backup' does not match format '%Y%m%d'
[Backup] 清理旧备份失败: time data 'backup' does not match format '%Y%m%d'
[Backup] 清理旧备份失败: time data 'backup' does not match format '%Y%m%d'
[Backup] 清理旧备份失败: time data 'backup' does not match format '%Y%m%d'
[Backup] 清理旧备份失败: time data 'backup' does not match format '%Y%m%d'
[Backup] 清理旧备份失败: time data 'backup' does not match format '%Y%m%d'
[Backup] 清理旧备份失败: time data 'backup' does not match format '%Y%m%d'
[Backup] 清理旧备份失败: time data 'backup' does not match format '%Y%m%d'
[Backup] 清理旧备份失败: time data 'backup' does not match format '%Y%m%d'
[Backup] 清理旧备份失败: time data 'backup' does not match format '%Y%m%d'
[Backup] 清理旧备份失败: time data 'backup' does not match format '%Y%m%d'
[Backup] 清理旧备份失败: time data 'backup' does not match format '%Y%m%d'
[Backup] 清理旧备份失败: time data 'backup' does not match format '%Y%m%d'
[Backup] 清理旧备份失败: time data 'backup' does not match format '%Y%m%d'
[Backup] 清理旧备份失败: time data 'backup' does not match format '%Y%m%d'
[Backup] 清理旧备份失败: time data 'backup' does not match format '%Y%m%d'
[Backup] 清理旧备份失败: time data 'backup' does not match format '%Y%m%d'
[Backup] 清理旧备份失败: time data 'backup' does not match format '%Y%m%d'
[Backup] 清理旧备份失败: time data 'backup' does not match format '%Y%m%d'
[Backup] 清理旧备份失败: time data 'backup' does not match format '%Y%m%d'
[Backup] 清理旧备份失败: time data 'backup' does not match format '%Y%m%d'
[Backup] 清理旧备份失败: time data 'backup' does not match format '%Y%m%d'
[Backup] 清理旧备份失败: time data 'backup' does not match format '%Y%m%d'
[Backup] 清理旧备份失败: time data 'backup' does not match format '%Y%m%d'
[Backup] 清理旧备份失败: time data 'backup' does not match format '%Y%m%d'
[Backup] 清理旧备份失败: time data 'backup' does not match format '%Y%m%d'
[Backup] 清理旧备份失败: time data 'backup' does not match format '%Y%m%d'
[Backup] 清理旧备份失败: time data 'backup' does not match format '%Y%m%d'
[Backup] 清理旧备份失败: time data 'backup' does not match format '%Y%m%d'
[Backup] 清理旧备份失败: time data 'backup' does not match format '%Y%m%d'
[Backup] 清理旧备份失败: time data 'backup' does not match format '%Y%m%d'
[Backup] 清理旧备份失败: time data 'backup' does not match format '%Y%m%d'
[Backup] 清理旧备份失败: time data 'backup' does not match format '%Y%m%d'
[Backup] 清理旧备份失败: time data 'backup' does not match format '%Y%m%d'
[Backup] 清理旧备份失败: time data 'backup' does not match format '%Y%m%d'
[Backup] 清理旧备份失败: time data 'backup' does not match format '%Y%m%d'
[Backup] 清理旧备份失败: time data 'backup' does not match format '%Y%m%d'
[Backup] 清理旧备份失败: time data 'backup' does not match format '%Y%m%d'
[Backup] 清理旧备份失败: time data 'backup' does not match format '%Y%m%d'
[Backup] 清理旧备份失败: time data 'backup' does not match format '%Y%m%d'
[Backup] 清理旧备份失败: time data 'backup' does not match format '%Y%m%d'
[Backup] 清理旧备份失败: time data 'backup' does not match format '%Y%m%d'
[Backup] 清理旧备份失败: time data 'backup' does not match format '%Y%m%d'
[Backup] 清理旧备份失败: time data 'backup' does not match format '%Y%m%d'
[Backup] 清理旧备份失败: time data 'backup' does not match format '%Y%m%d'
[Backup] 清理旧备份失败: time data 'backup' does not match format '%Y%m%d'
[Backup] 清理旧备份失败: time data 'backup' does not match format '%Y%m%d'
[Backup] 清理旧备份失败: time data 'backup' does not match format '%Y%m%d'
[Backup] 清理旧备份失败: time data 'backup' does not match format '%Y%m%d'
[Backup] 清理旧备份失败: time data 'backup' does not match format '%Y%m%d'
[Backup] 清理旧备份失败: time data 'backup' does not match format '%Y%m%d'
[Backup] 清理旧备份失败: time data 'backup' does not match format '%Y%m%d'
[Backup] 清理旧备份失败: time data 'backup' does not match format '%Y%m%d'
[Backup] 清理旧备份失败: time data 'backup' does not match format '%Y%m%d'
[Backup] 清理旧备份失败: time data 'backup' does not match format '%Y%m%d'
[Backup] 清理旧备份失败: time data 'backup' does not match format '%Y%m%d'
[Backup] 清理旧备份失败: time data 'backup' does not match format '%Y%m%d'
[Backup] 清理旧备份失败: time data 'backup' does not match format '%Y%m%d'
[Backup] 清理旧备份失败: time data 'backup' does not match format '%Y%m%d'
[Backup] 清理旧备份失败: time data 'backup' does not match format '%Y%m%d'
[Backup] 清理旧备份失败: time data 'backup' does not match format '%Y%m%d'
[Backup] 清理旧备份失败: time data 'backup' does not match format '%Y%m%d'
[Backup] 清理旧备份失败: time data 'backup' does not match format '%Y%m%d'
[Backup] 清理旧备份失败: time data 'backup' does not match format '%Y%m%d'
[Backup] 清理旧备份失败: time data 'backup' does not match format '%Y%m%d'
[Backup] 清理旧备份失败: time data 'backup' does not match format '%Y%m%d'
[Backup] 清理旧备份失败: time data 'backup' does not match format '%Y%m%d'
[Backup] 清理旧备份失败: time data 'backup' does not match format '%Y%m%d'
[Backup] 清理旧备份失败: time data 'backup' does not match format '%Y%m%d'
[Backup] 清理旧备份失败: time data 'backup' does not match format '%Y%m%d'
[Backup] 清理旧备份失败: time data 'backup' does not match format '%Y%m%d'
[Backup] 清理旧备份失败: time data 'backup' does not match format '%Y%m%d'
[Backup] 清理旧备份失败: time data 'backup' does not match format '%Y%m%d'
[Backup] 清理旧备份失败: time data 'backup' does not match format '%Y%m%d'
[Backup] 清理旧备份失败: time data 'backup' does not match format '%Y%m%d'
[Backup] 清理旧备份失败: time data 'backup' does not match format '%Y%m%d'
[Backup] 清理旧备份失败: time data 'backup' does not match format '%Y%m%d'
[Backup] 清理旧备份失败: time data 'backup' does not match format '%Y%m%d'
[Backup] 清理旧备份失败: time data 'backup' does not match format '%Y%m%d'
[Backup] 清理旧备份失败: time data 'backup' does not match format '%Y%m%d'
[Backup] 清理旧备份失败: time data 'backup' does not match format '%Y%m%d'
[Backup] 清理旧备份失败: time data 'backup' does not match format '%Y%m%d'
[Backup] 清理旧备份失败: time data 'backup' does not match format '%Y%m%d'
[Backup] 清理旧备份失败: time data 'backup' does not match format '%Y%m%d'
[Backup] 清理旧备份失败: time data 'backup' does not match format '%Y%m%d'
[Backup] 清理旧备份失败: time data 'backup' does not match format '%Y%m%d'
[Backup] 清理旧备份失败: time data 'backup' does not match format '%Y%m%d'
[Backup] 清理旧备份失败: time data 'backup' does not match format '%Y%m%d'
[Backup] 清理旧备份失败: time data 'backup' does not match format '%Y%m%d'
[Backup] 清理旧备份失败: time data 'backup' does not match format '%Y%m%d'
[Backup] 清理旧备份失败: time data 'backup' does not match format '%Y%m%d'
[Backup] 清理旧备份失败: time data 'backup' does not match format '%Y%m%d'
[Backup] 清理旧备份失败: time data 'backup' does not match format '%Y%m%d'
[Backup] 清理旧备份失败: time data 'backup' does not match format '%Y%m%d'
[Backup] 清理旧备份失败: time data 'backup' does not match format '%Y%m%d'
[Backup] 清理旧备份失败: time data 'backup' does not match format '%Y%m%d'
[Backup] 清理旧备份失败: time data 'backup' does not match format '%Y%m%d'
[Backup] 清理旧备份失败: time data 'backup' does not match format '%Y%m%d'
[Backup] 清理旧备份失败: time data 'backup' does not match format '%Y%m%d'
[Backup] 清理旧备份失败: time data 'backup' does not match format '%Y%m%d'
[Backup] 清理旧备份失败: time data 'backup' does not match format '%Y%m%d'
[Backup] 清理旧备份失败: time data 'backup' does not match format '%Y%m%d'
[Backup] 清理旧备份失败: time data 'backup' does not match format '%Y%m%d'
[Backup] 清理旧备份失败: time data 'backup' does not match format '%Y%m%d'
[Backup] 清理旧备份失败: time data 'backup' does not match format '%Y%m%d'
[Backup] 清理旧备份失败: time data 'backup' does not match format '%Y%m%d'
[Backup] 清理旧备份失败: time data 'backup' does not match format '%Y%m%d'
[Backup] 清理旧备份失败: time data 'backup' does not match format '%Y%m%d'
[Backup] 清理旧备份失败: time data 'backup' does not match format '%Y%m%d'
[Backup] 清理旧备份失败: time data 'backup' does not match format '%Y%m%d'
[Backup] 清理旧备份失败: time data 'backup' does not match format '%Y%m%d'
[Backup] 清理旧备份失败: time data 'backup' does not match format '%Y%m%d'
[Backup] 清理旧备份失败: time data 'backup' does not match format '%Y%m%d'
[Backup] 清理旧备份失败: time data 'backup' does not match format '%Y%m%d'
[Backup] 清理旧备份失败: time data 'backup' does not match format '%Y%m%d'
[Backup] 清理旧备份失败: time data 'backup' does not match format '%Y%m%d'
[Backup] 清理旧备份失败: time data 'backup' does not match format '%Y%m%d'
[Backup] 清理旧备份失败: time data 'backup' does not match format '%Y%m%d'
[Backup] 清理旧备份失败: time data 'backup' does not match format '%Y%m%d'
[Backup] 清理旧备份失败: time data 'backup' does not match format '%Y%m%d'
[Backup] 清理旧备份失败: time data 'backup' does not match format '%Y%m%d'
[Backup] 清理旧备份失败: time data 'backup' does not match format '%Y%m%d'
[Backup] 清理旧备份失败: time data 'backup' does not match format '%Y%m%d'
[Backup] 清理旧备份失败: time data 'backup' does not match format '%Y%m%d'
[Backup] 清理旧备份失败: time data 'backup' does not match format '%Y%m%d'
[Backup] 清理旧备份失败: time data 'backup' does not match format '%Y%m%d'
[Backup] 清理旧备份失败: time data 'backup' does not match format '%Y%m%d'
[Backup] 清理旧备份失败: time data 'backup' does not match format '%Y%m%d'
[Backup] 清理旧备份失败: time data 'backup' does not match format '%Y%m%d'
[Backup] 清理旧备份失败: time data 'backup' does not match format '%Y%m%d'
[Backup] 清理旧备份失败: time data 'backup' does not match format '%Y%m%d'
[Backup] 清理旧备份失败: time data 'backup' does not match format '%Y%m%d'
[Backup] 清理旧备份失败: time data 'backup' does not match format '%Y%m%d'
[Backup] 清理旧备份失败: time data 'backup' does not match format '%Y%m%d'
[Backup] 清理旧备份失败: time data 'backup' does not match format '%Y%m%d'
[Backup] 清理旧备份失败: time data 'backup' does not match format '%Y%m%d'
[Backup] 清理旧备份失败: time data 'backup' does not match format '%Y%m%d'
[Backup] 清理旧备份失败: time data 'backup' does not match format '%Y%m%d'
[Backup] 清理旧备份失败: time data 'backup' does not match format '%Y%m%d'
[Backup] 清理旧备份失败: time data 'backup' does not match format '%Y%m%d'
[Backup] 清理旧备份失败: time data 'backup' does not match format '%Y%m%d'
[Backup] 清理旧备份失败: time data 'backup' does not match format '%Y%m%d'
[Backup] 清理旧备份失败: time data 'backup' does not match format '%Y%m%d'
[Backup] 清理旧备份失败: time data 'backup' does not match format '%Y%m%d'
[Backup] 清理旧备份失败: time data 'backup' does not match format '%Y%m%d'
[Backup] 清理旧备份失败: time data 'backup' does not match format '%Y%m%d'
[Backup] 清理旧备份失败: time data 'backup' does not match format '%Y%m%d'
[Backup] 清理旧备份失败: time data 'backup' does not match format '%Y%m%d'
[Backup] 清理旧备份失败: time data 'backup' does not match format '%Y%m%d'
[Backup] 清理旧备份失败: time data 'backup' does not match format '%Y%m%d'
[Backup] 清理旧备份失败: time data 'backup' does not match format '%Y%m%d'
[Backup] 清理旧备份失败: time data 'backup' does not match format '%Y%m%d'
[Backup] 清理旧备份失败: time data 'backup' does not match format '%Y%m%d'
[Backup] 清理旧备份失败: time data 'backup' does not match format '%Y%m%d'
[Backup] 清理旧备份失败: time data 'backup' does not match format '%Y%m%d'
[Backup] 清理旧备份失败: time data 'backup' does not match format '%Y%m%d'
[Backup] 清理旧备份失败: time data 'backup' does not match format '%Y%m%d'
[Backup] 清理旧备份失败: time data 'backup' does not match format '%Y%m%d'
[Backup] 清理旧备份失败: time data 'backup' does not match format '%Y%m%d'
[Backup] 清理旧备份失败: time data 'backup' does not match format '%Y%m%d'
[Backup] 清理旧备份失败: time data 'backup' does not match format '%Y%m%d'
[Backup] 清理旧备份失败: time data 'backup' does not match format '%Y%m%d'
[Backup] 清理旧备份失败: time data 'backup' does not match format '%Y%m%d'
[Backup] 清理旧备份失败: time data 'backup' does not match format '%Y%m%d'
[Backup] 清理旧备份失败: time data 'backup' does not match format '%Y%m%d'
[Backup] 清理旧备份失败: time data 'backup' does not match format '%Y%m%d'
[Backup] 清理旧备份失败: time data 'backup' does not match format '%Y%m%d'
[Backup] 清理旧备份失败: time data 'backup' does not match format '%Y%m%d'
[Backup] 清理旧备份失败: time data 'backup' does not match format '%Y%m%d'
[Backup] 清理旧备份失败: time data 'backup' does not match format '%Y%m%d'
[Backup] 清理旧备份失败: time data 'backup' does not match format '%Y%m%d'
[Backup] 清理旧备份失败: time data 'backup' does not match format '%Y%m%d'
[Backup] 清理旧备份失败: time data 'backup' does not match format '%Y%m%d'
[Backup] 清理旧备份失败: time data 'backup' does not match format '%Y%m%d'
[Backup] 清理旧备份失败: time data 'backup' does not match format '%Y%m%d'
[Backup] 清理旧备份失败: time data 'backup' does not match format '%Y%m%d'
[Backup] 清理旧备份失败: time data 'backup' does not match format '%Y%m%d'
[Backup] 清理旧备份失败: time data 'backup' does not match format '%Y%m%d'
[Backup] 清理旧备份失败: time data 'backup' does not match format '%Y%m%d'
[Backup] 清理旧备份失败: time data 'backup' does not match format '%Y%m%d'
[Backup] 清理旧备份失败: time data 'backup' does not match format '%Y%m%d'
[Backup] 清理旧备份失败: time data 'backup' does not match format '%Y%m%d'
[Backup] 清理旧备份失败: time data 'backup' does not match format '%Y%m%d'
[Backup] 清理旧备份失败: time data 'backup' does not match format '%Y%m%d'
[Backup] 清理旧备份失败: time data 'backup' does not match format '%Y%m%d'
[Backup] 清理旧备份失败: time data 'backup' does not match format '%Y%m%d'
[Backup] 清理旧备份失败: time data 'backup' does not match format '%Y%m%d'
[Backup] 清理旧备份失败: time data 'backup' does not match format '%Y%m%d'
[Backup] 清理旧备份失败: time data 'backup' does not match format '%Y%m%d'
[Backup] 清理旧备份失败: time data 'backup' does not match format '%Y%m%d'
[Backup] 清理旧备份失败: time data 'backup' does not match format '%Y%m%d'
[Backup] 清理旧备份失败: time data 'backup' does not match format '%Y%m%d'
[Backup] 清理旧备份失败: time data 'backup' does not match format '%Y%m%d'
[Backup] 清理旧备份失败: time data 'backup' does not match format '%Y%m%d'
[Backup] 清理旧备份失败: time data 'backup' does not match format '%Y%m%d'
[Backup] 清理旧备份失败: time data 'backup' does not match format '%Y%m%d'
[Backup] 清理旧备份失败: time data 'backup' does not match format '%Y%m%d'
[Backup] 清理旧备份失败: time data 'backup' does not match format '%Y%m%d'
[Backup] 清理旧备份失败: time data 'backup' does not match format '%Y%m%d'
[Backup] 清理旧备份失败: time data 'backup' does not match format '%Y%m%d'
[Backup] 清理旧备份失败: time data 'backup' does not match format '%Y%m%d'
[Backup] 清理旧备份失败: time data 'backup' does not match format '%Y%m%d'
[Backup] 清理旧备份失败: time data 'backup' does not match format '%Y%m%d'
[Backup] 清理旧备份失败: time data 'backup' does not match format '%Y%m%d'
[Backup] 清理旧备份失败: time data 'backup' does not match format '%Y%m%d'
[Backup] 清理旧备份失败: time data 'backup' does not match format '%Y%m%d'
[Backup] 清理旧备份失败: time data 'backup' does not match format '%Y%m%d'
[Backup] 清理旧备份失败: time data 'backup' does not match format '%Y%m%d'
[Backup] 清理旧备份失败: time data 'backup' does not match format '%Y%m%d'
[Backup] 清理旧备份失败: time data 'backup' does not match format '%Y%m%d'
[Backup] 清理旧备份失败: time data 'backup' does not match format '%Y%m%d'
[Backup] 清理旧备份失败: time data 'backup' does not match format '%Y%m%d'
[Backup] 清理旧备份失败: time data 'backup' does not match format '%Y%m%d'
[Backup] 清理旧备份失败: time data 'backup' does not match format '%Y%m%d'
[Backup] 清理旧备份失败: time data 'backup' does not match format '%Y%m%d'
[Backup] 清理旧备份失败: time data 'backup' does not match format '%Y%m%d'
[Backup] 清理旧备份失败: time data 'backup' does not match format '%Y%m%d'
[Backup] 清理旧备份失败: time data 'backup' does not match format '%Y%m%d'
[Backup] 清理旧备份失败: time data 'backup' does not match format '%Y%m%d'
[Backup] 清理旧备份失败: time data 'backup' does not match format '%Y%m%d'
[Backup] 清理旧备份失败: time data 'backup' does not match format '%Y%m%d'
[Backup] 清理旧备份失败: time data 'backup' does not match format '%Y%m%d'
[Backup] 清理旧备份失败: time data 'backup' does not match format '%Y%m%d'
[Backup] 清理旧备份失败: time data 'backup' does not match format '%Y%m%d'
[Backup] 清理旧备份失败: time data 'backup' does not match format '%Y%m%d'
[Backup] 清理旧备份失败: time data 'backup' does not match format '%Y%m%d'
[Backup] 清理旧备份失败: time data 'backup' does not match format '%Y%m%d'
[Backup] 清理旧备份失败: time data 'backup' does not match format '%Y%m%d'
[Backup] 清理旧备份失败: time data 'backup' does not match format '%Y%m%d'
[Backup] 清理旧备份失败: time data 'backup' does not match format '%Y%m%d'
[Backup] 清理旧备份失败: time data 'backup' does not match format '%Y%m%d'
[Backup] 清理旧备份失败: time data 'backup' does not match format '%Y%m%d'
[Backup] 清理旧备份失败: time data 'backup' does not match format '%Y%m%d'
[Backup] 清理旧备份失败: time data 'backup' does not match format '%Y%m%d'
[Backup] 清理旧备份失败: time data 'backup' does not match format '%Y%m%d'
[Backup] 清理旧备份失败: time data 'backup' does not match format '%Y%m%d'
[Backup] 清理旧备份失败: time data 'backup' does not match format '%Y%m%d'
[Backup] 清理旧备份失败: time data 'backup' does not match format '%Y%m%d'
[Backup] 清理旧备份失败: time data 'backup' does not match format '%Y%m%d'
[Backup] 清理旧备份失败: time data 'backup' does not match format '%Y%m%d'
[Backup] 清理旧备份失败: time data 'backup' does not match format '%Y%m%d'
[Backup] 清理旧备份失败: time data 'backup' does not match format '%Y%m%d'
[Backup] 清理旧备份失败: time data 'backup' does not match format '%Y%m%d'
[Backup] 清理旧备份失败: time data 'backup' does not match format '%Y%m%d'
[Backup] 清理旧备份失败: time data 'backup' does not match format '%Y%m%d'
[Backup] 清理旧备份失败: time data 'backup' does not match format '%Y%m%d'
[Backup] 清理旧备份失败: time data 'backup' does not match format '%Y%m%d'
[Backup] 清理旧备份失败: time data 'backup' does not match format '%Y%m%d'
[Backup] 清理旧备份失败: time data 'backup' does not match format '%Y%m%d'
[Backup] 清理旧备份失败: time data 'backup' does not match format '%Y%m%d'
[Backup] 清理旧备份失败: time data 'backup' does not match format '%Y%m%d'
[Backup] 清理旧备份失败: time data 'backup' does not match format '%Y%m%d'
[Backup] 清理旧备份失败: time data 'backup' does not match format '%Y%m%d'
[Backup] 清理旧备份失败: time data 'backup' does not match format '%Y%m%d'
[Backup] 清理旧备份失败: time data 'backup' does not match format '%Y%m%d'
[Backup] 清理旧备份失败: time data 'backup' does not match format '%Y%m%d'
[Backup] 清理旧备份失败: time data 'backup' does not match format '%Y%m%d'
[Backup] 清理旧备份失败: time data 'backup' does not match format '%Y%m%d'
[Backup] 清理旧备份失败: time data 'backup' does not match format '%Y%m%d'
[Backup] 清理旧备份失败: time data 'backup' does not match format '%Y%m%d'
[Backup] 清理旧备份失败: time data 'backup' does not match format '%Y%m%d'
[Backup] 清理旧备份失败: time data 'backup' does not match format '%Y%m%d'
[Backup] 清理旧备份失败: time data 'backup' does not match format '%Y%m%d'
[Backup] 清理旧备份失败: time data 'backup' does not match format '%Y%m%d'
[Backup] 清理旧备份失败: time data 'backup' does not match format '%Y%m%d'
[Backup] 清理旧备份失败: time data 'backup' does not match format '%Y%m%d'
[Backup] 清理旧备份失败: time data 'backup' does not match format '%Y%m%d'
[Backup] 清理旧备份失败: time data 'backup' does not match format '%Y%m%d'
[Backup] 清理旧备份失败: time data 'backup' does not match format '%Y%m%d'
[Backup] 清理旧备份失败: time data 'backup' does not match format '%Y%m%d'
[Backup] 清理旧备份失败: time data 'backup' does not match format '%Y%m%d'
[Backup] 清理旧备份失败: time data 'backup' does not match format '%Y%m%d'
[Backup] 清理旧备份失败: time data 'backup' does not match format '%Y%m%d'
[Backup] 清理旧备份失败: time data 'backup' does not match format '%Y%m%d'
[Backup] 清理旧备份失败: time data 'backup' does not match format '%Y%m%d'
[Backup] 清理旧备份失败: time data 'backup' does not match format '%Y%m%d'
[Backup] 清理旧备份失败: time data 'backup' does not match format '%Y%m%d'
[Backup] 清理旧备份失败: time data 'backup' does not match format '%Y%m%d'
[Backup] 清理旧备份失败: time data 'backup' does not match format '%Y%m%d'
[Backup] 清理旧备份失败: time data 'backup' does not match format '%Y%m%d'
[Backup] 清理旧备份失败: time data 'backup' does not match format '%Y%m%d'
[Backup] 清理旧备份失败: time data 'backup' does not match format '%Y%m%d'
[Backup] 清理旧备份失败: time data 'backup' does not match format '%Y%m%d'
[Backup] 清理旧备份失败: time data 'backup' does not match format '%Y%m%d'
[Backup] 清理旧备份失败: time data 'backup' does not match format '%Y%m%d'
[Backup] 清理旧备份失败: time data 'backup' does not match format '%Y%m%d'
[Backup] 清理旧备份失败: time data 'backup' does not match format '%Y%m%d'
[Backup] 清理旧备份失败: time data 'backup' does not match format '%Y%m%d'
[Backup] 清理旧备份失败: time data 'backup' does not match format '%Y%m%d'
[Backup] 清理旧备份失败: time data 'backup' does not match format '%Y%m%d'
[Backup] 清理旧备份失败: time data 'backup' does not match format '%Y%m%d'
[Backup] 清理旧备份失败: time data 'backup' does not match format '%Y%m%d'
[Backup] 清理旧备份失败: time data 'backup' does not match format '%Y%m%d'
[Backup] 清理旧备份失败: time data 'backup' does not match format '%Y%m%d'
[Backup] 清理旧备份失败: time data 'backup' does not match format '%Y%m%d'
[Backup] 清理旧备份失败: time data 'backup' does not match format '%Y%m%d'
[Backup] 清理旧备份失败: time data 'backup' does not match format '%Y%m%d'
[Backup] 清理旧备份失败: time data 'backup' does not match format '%Y%m%d'
[Backup] 清理旧备份失败: time data 'backup' does not match format '%Y%m%d'
[Backup] 清理旧备份失败: time data 'backup' does not match format '%Y%m%d'
[Backup] 清理旧备份失败: time data 'backup' does not match format '%Y%m%d'
[Backup] 清理旧备份失败: time data 'backup' does not match format '%Y%m%d'
[Backup] 清理旧备份失败: time data 'backup' does not match format '%Y%m%d'
[Backup] 清理旧备份失败: time data 'backup' does not match format '%Y%m%d'
[Backup] 清理旧备份失败: time data 'backup' does not match format '%Y%m%d'
[Backup] 清理旧备份失败: time data 'backup' does not match format '%Y%m%d'
[Backup] 清理旧备份失败: time data 'backup' does not match format '%Y%m%d'
[Backup] 清理旧备份失败: time data 'backup' does not match format '%Y%m%d'
[Backup] 清理旧备份失败: time data 'backup' does not match format '%Y%m%d'
[Backup] 清理旧备份失败: time data 'backup' does not match format '%Y%m%d'
[Backup] 清理旧备份失败: time data 'backup' does not match format '%Y%m%d'
[Backup] 清理旧备份失败: time data 'backup' does not match format '%Y%m%d'
[Backup] 清理旧备份失败: time data 'backup' does not match format '%Y%m%d'
[Backup] 清理旧备份失败: time data 'backup' does not match format '%Y%m%d'
[Backup] 清理旧备份失败: time data 'backup' does not match format '%Y%m%d'
[Backup] 清理旧备份失败: time data 'backup' does not match format '%Y%m%d'
[Backup] 清理旧备份失败: time data 'backup' does not match format '%Y%m%d'
[Backup] 清理旧备份失败: time data 'backup' does not match format '%Y%m%d'
[Backup] 清理旧备份失败: time data 'backup' does not match format '%Y%m%d'
[Backup] 清理旧备份失败: time data 'backup' does not match format '%Y%m%d'
[Backup] 清理旧备份失败: time data 'backup' does not match format '%Y%m%d'
[Backup] 清理旧备份失败: time data 'backup' does not match format '%Y%m%d'
[Backup] 清理旧备份失败: time data 'backup' does not match format '%Y%m%d'
[Backup] 清理旧备份失败: time data 'backup' does not match format '%Y%m%d'
[Backup] 清理旧备份失败: time data 'backup' does not match format '%Y%m%d'
[Backup] 清理旧备份失败: time data 'backup' does not match format '%Y%m%d'
[Backup] 清理旧备份失败: time data 'backup' does not match format '%Y%m%d'
[Backup] 清理旧备份失败: time data 'backup' does not match format '%Y%m%d'
[2026-06-22 02:24:01] ==================================================
[Backup] 清理旧备份失败: time data 'backup' does not match format '%Y%m%d'
[Backup] 清理旧备份失败: time data 'backup' does not match format '%Y%m%d'
[Backup] 清理旧备份失败: time data 'backup' does not match format '%Y%m%d'
[Backup] 清理旧备份失败: time data 'backup' does not match format '%Y%m%d'
[Backup] 清理旧备份失败: time data 'backup' does not match format '%Y%m%d'
[2026-06-22 02:24:01]   潜龙 Flask 看门狗 v3.0
[Backup] 清理旧备份失败: time data 'backup' does not match format '%Y%m%d'
[Backup] 清理旧备份失败: time data 'backup' does not match format '%Y%m%d'
[Backup] 清理旧备份失败: time data 'backup' does not match format '%Y%m%d'
[Backup] 清理旧备份失败: time data 'backup' does not match format '%Y%m%d'
[Backup] 清理旧备份失败: time data 'backup' does not match format '%Y%m%d'
[Backup] 清理旧备份失败: time data 'backup' does not match format '%Y%m%d'
[Backup] 清理旧备份失败: time data 'backup' does not match format '%Y%m%d'
[Backup] 清理旧备份失败: time data 'backup' does not match format '%Y%m%d'
[2026-06-22 02:24:01]   检测: http://localhost:5002/api/paper-trade/v2
[Backup] 清理旧备份失败: time data 'backup' does not match format '%Y%m%d'
[Backup] 清理旧备份失败: time data 'backup' does not match format '%Y%m%d'
[Backup] 清理旧备份失败: time data 'backup' does not match format '%Y%m%d'
[Backup] 清理旧备份失败: time data 'backup' does not match format '%Y%m%d'
[Backup] 清理旧备份失败: time data 'backup' does not match format '%Y%m%d'
[Backup] 清理旧备份失败: time data 'backup' does not match format '%Y%m%d'
[Backup] 清理旧备份失败: time data 'backup' does not match format '%Y%m%d'
[2026-06-22 02:24:01]   间隔: 60s  容错: 2次
[Backup] 清理旧备份失败: time data 'backup' does not match format '%Y%m%d'
[Backup] 清理旧备份失败: time data 'backup' does not match format '%Y%m%d'
[Backup] 清理旧备份失败: time data 'backup' does not match format '%Y%m%d'
[2026-06-22 02:24:01]   重启上限: 5次/小时
[2026-06-22 02:24:01]   PID: 11736
[Backup] 清理旧备份失败: time data 'backup' does not match format '%Y%m%d'
[Backup] 清理旧备份失败: time data 'backup' does not match format '%Y%m%d'
[Backup] 清理旧备份失败: time data 'backup' does not match format '%Y%m%d'
[2026-06-22 02:24:01] ==================================================
[Backup] 清理旧备份失败: time data 'backup' does not match format '%Y%m%d'
[Backup] 清理旧备份失败: time data 'backup' does not match format '%Y%m%d'
[Backup] 清理旧备份失败: time data 'backup' does not match format '%Y%m%d'
[Backup] 清理旧备份失败: time data 'backup' does not match format '%Y%m%d'
[Backup] 清理旧备份失败: time data 'backup' does not match format '%Y%m%d'
[Backup] 清理旧备份失败: time data 'backup' does not match format '%Y%m%d'
[Backup] 清理旧备份失败: time data 'backup' does not match format '%Y%m%d'
[Backup] 清理旧备份失败: time data 'backup' does not match format '%Y%m%d'
[Backup] 清理旧备份失败: time data 'backup' does not match format '%Y%m%d'
[Backup] 清理旧备份失败: time data 'backup' does not match format '%Y%m%d'
[Backup] 清理旧备份失败: time data 'backup' does not match format '%Y%m%d'
[Backup] 清理旧备份失败: time data 'backup' does not match format '%Y%m%d'
[Backup] 清理旧备份失败: time data 'backup' does not match format '%Y%m%d'
[Backup] 清理旧备份失败: time data 'backup' does not match format '%Y%m%d'
[Backup] 清理旧备份失败: time data 'backup' does not match format '%Y%m%d'
[Backup] 清理旧备份失败: time data 'backup' does not match format '%Y%m%d'
[Backup] 清理旧备份失败: time data 'backup' does not match format '%Y%m%d'
[Backup] 清理旧备份失败: time data 'backup' does not match format '%Y%m%d'
[Backup] 清理旧备份失败: time data 'backup' does not match format '%Y%m%d'
[Backup] 清理旧备份失败: time data 'backup' does not match format '%Y%m%d'
[Backup] 清理旧备份失败: time data 'backup' does not match format '%Y%m%d'
[Backup] 清理旧备份失败: time data 'backup' does not match format '%Y%m%d'
[Backup] 清理旧备份失败: time data 'backup' does not match format '%Y%m%d'
[Backup] 清理旧备份失败: time data 'backup' does not match format '%Y%m%d'
[Backup] 清理旧备份失败: time data 'backup' does not match format '%Y%m%d'
[Backup] 清理旧备份失败: time data 'backup' does not match format '%Y%m%d'
[Backup] 清理旧备份失败: time data 'backup' does not match format '%Y%m%d'
[Backup] 清理旧备份失败: time data 'backup' does not match format '%Y%m%d'
[Backup] 清理旧备份失败: time data 'backup' does not match format '%Y%m%d'
[Backup] 清理旧备份失败: time data 'backup' does not match format '%Y%m%d'
[Backup] 清理旧备份失败: time data 'backup' does not match format '%Y%m%d'
[Backup] 清理旧备份失败: time data 'backup' does not match format '%Y%m%d'
[Backup] 清理旧备份失败: time data 'backup' does not match format '%Y%m%d'
[Backup] 清理旧备份失败: time data 'backup' does not match format '%Y%m%d'
[Backup] 清理旧备份失败: time data 'backup' does not match format '%Y%m%d'
[Backup] 清理旧备份失败: time data 'backup' does not match format '%Y%m%d'
[Backup] 清理旧备份失败: time data 'backup' does not match format '%Y%m%d'
[Backup] 清理旧备份失败: time data 'backup' does not match format '%Y%m%d'
[Backup] 清理旧备份失败: time data 'backup' does not match format '%Y%m%d'
[Backup] 清理旧备份失败: time data 'backup' does not match format '%Y%m%d'
[Backup] 清理旧备份失败: time data 'backup' does not match format '%Y%m%d'
[Backup] 清理旧备份失败: time data 'backup' does not match format '%Y%m%d'
[Backup] 清理旧备份失败: time data 'backup' does not match format '%Y%m%d'
[Backup] 清理旧备份失败: time data 'backup' does not match format '%Y%m%d'
[Backup] 清理旧备份失败: time data 'backup' does not match format '%Y%m%d'
[Backup] 清理旧备份失败: time data 'backup' does not match format '%Y%m%d'
[Backup] 清理旧备份失败: time data 'backup' does not match format '%Y%m%d'
[Backup] 清理旧备份失败: time data 'backup' does not match format '%Y%m%d'
[Backup] 清理旧备份失败: time data 'backup' does not match format '%Y%m%d'
[Backup] 清理旧备份失败: time data 'backup' does not match format '%Y%m%d'
[Backup] 清理旧备份失败: time data 'backup' does not match format '%Y%m%d'
[Backup] 清理旧备份失败: time data 'backup' does not match format '%Y%m%d'
[Backup] 清理旧备份失败: time data 'backup' does not match format '%Y%m%d'
[Backup] 清理旧备份失败: time data 'backup' does not match format '%Y%m%d'
[Backup] 清理旧备份失败: time data 'backup' does not match format '%Y%m%d'
[Backup] 清理旧备份失败: time data 'backup' does not match format '%Y%m%d'
[Backup] 清理旧备份失败: time data 'backup' does not match format '%Y%m%d'
[Backup] 清理旧备份失败: time data 'backup' does not match format '%Y%m%d'
[Backup] 清理旧备份失败: time data 'backup' does not match format '%Y%m%d'
[Backup] 清理旧备份失败: time data 'backup' does not match format '%Y%m%d'
[Backup] 清理旧备份失败: time data 'backup' does not match format '%Y%m%d'
[Backup] 清理旧备份失败: time data 'backup' does not match format '%Y%m%d'
[Backup] 清理旧备份失败: time data 'backup' does not match format '%Y%m%d'
[Backup] 清理旧备份失败: time data 'backup' does not match format '%Y%m%d'
[Backup] 清理旧备份失败: time data 'backup' does not match format '%Y%m%d'
[Backup] 清理旧备份失败: time data 'backup' does not match format '%Y%m%d'
[Backup] 清理旧备份失败: time data 'backup' does not match format '%Y%m%d'
[Backup] 清理旧备份失败: time data 'backup' does not match format '%Y%m%d'
[Backup] 清理旧备份失败: time data 'backup' does not match format '%Y%m%d'
[Backup] 清理旧备份失败: time data 'backup' does not match format '%Y%m%d'
[Backup] 清理旧备份失败: time data 'backup' does not match format '%Y%m%d'
[Backup] 清理旧备份失败: time data 'backup' does not match format '%Y%m%d'
[Backup] 清理旧备份失败: time data 'backup' does not match format '%Y%m%d'
[Backup] 清理旧备份失败: time data 'backup' does not match format '%Y%m%d'
[Backup] 清理旧备份失败: time data 'backup' does not match format '%Y%m%d'
[Backup] 清理旧备份失败: time data 'backup' does not match format '%Y%m%d'
[Backup] 清理旧备份失败: time data 'backup' does not match format '%Y%m%d'
[Backup] 清理旧备份失败: time data 'backup' does not match format '%Y%m%d'
[Backup] 清理旧备份失败: time data 'backup' does not match format '%Y%m%d'
[Backup] 清理旧备份失败: time data 'backup' does not match format '%Y%m%d'
[Backup] 清理旧备份失败: time data 'backup' does not match format '%Y%m%d'
[Backup] 清理旧备份失败: time data 'backup' does not match format '%Y%m%d'
[Backup] 清理旧备份失败: time data 'backup' does not match format '%Y%m%d'
[Backup] 清理旧备份失败: time data 'backup' does not match format '%Y%m%d'
[Backup] 清理旧备份失败: time data 'backup' does not match format '%Y%m%d'
[Backup] 清理旧备份失败: time data 'backup' does not match format '%Y%m%d'
[Backup] 清理旧备份失败: time data 'backup' does not match format '%Y%m%d'
[Backup] 清理旧备份失败: time data 'backup' does not match format '%Y%m%d'
[Backup] 清理旧备份失败: time data 'backup' does not match format '%Y%m%d'
[Backup] 清理旧备份失败: time data 'backup' does not match format '%Y%m%d'
[Backup] 清理旧备份失败: time data 'backup' does not match format '%Y%m%d'
[Backup] 清理旧备份失败: time data 'backup' does not match format '%Y%m%d'
[Backup] 清理旧备份失败: time data 'backup' does not match format '%Y%m%d'
[Backup] 清理旧备份失败: time data 'backup' does not match format '%Y%m%d'
[Backup] 清理旧备份失败: time data 'backup' does not match format '%Y%m%d'
[Backup] 清理旧备份失败: time data 'backup' does not match format '%Y%m%d'
[Backup] 清理旧备份失败: time data 'backup' does not match format '%Y%m%d'
[Backup] 清理旧备份失败: time data 'backup' does not match format '%Y%m%d'
[Backup] 清理旧备份失败: time data 'backup' does not match format '%Y%m%d'
[Backup] 清理旧备份失败: time data 'backup' does not match format '%Y%m%d'
[Backup] 清理旧备份失败: time data 'backup' does not match format '%Y%m%d'
[Backup] 清理旧备份失败: time data 'backup' does not match format '%Y%m%d'
[Backup] 清理旧备份失败: time data 'backup' does not match format '%Y%m%d'
[Backup] 清理旧备份失败: time data 'backup' does not match format '%Y%m%d'
[Backup] 清理旧备份失败: time data 'backup' does not match format '%Y%m%d'
[Backup] 清理旧备份失败: time data 'backup' does not match format '%Y%m%d'
[Backup] 清理旧备份失败: time data 'backup' does not match format '%Y%m%d'
[Backup] 清理旧备份失败: time data 'backup' does not match format '%Y%m%d'
[Backup] 清理旧备份失败: time data 'backup' does not match format '%Y%m%d'
[Backup] 清理旧备份失败: time data 'backup' does not match format '%Y%m%d'
[Backup] 清理旧备份失败: time data 'backup' does not match format '%Y%m%d'
[Backup] 清理旧备份失败: time data 'backup' does not match format '%Y%m%d'
[Backup] 清理旧备份失败: time data 'backup' does not match format '%Y%m%d'
[Backup] 清理旧备份失败: time data 'backup' does not match format '%Y%m%d'
[Backup] 清理旧备份失败: time data 'backup' does not match format '%Y%m%d'
[Backup] 清理旧备份失败: time data 'backup' does not match format '%Y%m%d'
[Backup] 清理旧备份失败: time data 'backup' does not match format '%Y%m%d'
[Backup] 清理旧备份失败: time data 'backup' does not match format '%Y%m%d'
[Backup] 清理旧备份失败: time data 'backup' does not match format '%Y%m%d'
[Backup] 清理旧备份失败: time data 'backup' does not match format '%Y%m%d'
[Backup] 清理旧备份失败: time data 'backup' does not match format '%Y%m%d'
[Backup] 清理旧备份失败: time data 'backup' does not match format '%Y%m%d'
[Backup] 清理旧备份失败: time data 'backup' does not match format '%Y%m%d'
[Backup] 清理旧备份失败: time data 'backup' does not match format '%Y%m%d'
[Backup] 清理旧备份失败: time data 'backup' does not match format '%Y%m%d'
[Backup] 清理旧备份失败: time data 'backup' does not match format '%Y%m%d'
[Backup] 清理旧备份失败: time data 'backup' does not match format '%Y%m%d'
[Backup] 清理旧备份失败: time data 'backup' does not match format '%Y%m%d'
[Backup] 清理旧备份失败: time data 'backup' does not match format '%Y%m%d'
[Backup] 清理旧备份失败: time data 'backup' does not match format '%Y%m%d'
[Backup] 清理旧备份失败: time data 'backup' does not match format '%Y%m%d'
[Backup] 清理旧备份失败: time data 'backup' does not match format '%Y%m%d'
[Backup] 清理旧备份失败: time data 'backup' does not match format '%Y%m%d'
[Backup] 清理旧备份失败: time data 'backup' does not match format '%Y%m%d'
[Backup] 清理旧备份失败: time data 'backup' does not match format '%Y%m%d'
[Backup] 清理旧备份失败: time data 'backup' does not match format '%Y%m%d'
[Backup] 清理旧备份失败: time data 'backup' does not match format '%Y%m%d'
[Backup] 清理旧备份失败: time data 'backup' does not match format '%Y%m%d'
[Backup] 清理旧备份失败: time data 'backup' does not match format '%Y%m%d'
[Backup] 清理旧备份失败: time data 'backup' does not match format '%Y%m%d'
[Backup] 清理旧备份失败: time data 'backup' does not match format '%Y%m%d'
[Backup] 清理旧备份失败: time data 'backup' does not match format '%Y%m%d'
[Backup] 清理旧备份失败: time data 'backup' does not match format '%Y%m%d'
[Backup] 清理旧备份失败: time data 'backup' does not match format '%Y%m%d'
[Backup] 清理旧备份失败: time data 'backup' does not match format '%Y%m%d'
[Backup] 清理旧备份失败: time data 'backup' does not match format '%Y%m%d'
[Backup] 清理旧备份失败: time data 'backup' does not match format '%Y%m%d'
[Backup] 清理旧备份失败: time data 'backup' does not match format '%Y%m%d'
[Backup] 清理旧备份失败: time data 'backup' does not match format '%Y%m%d'
[Backup] 清理旧备份失败: time data 'backup' does not match format '%Y%m%d'
[Backup] 清理旧备份失败: time data 'backup' does not match format '%Y%m%d'
[Backup] 清理旧备份失败: time data 'backup' does not match format '%Y%m%d'
[Backup] 清理旧备份失败: time data 'backup' does not match format '%Y%m%d'
[Backup] 清理旧备份失败: time data 'backup' does not match format '%Y%m%d'
[Backup] 清理旧备份失败: time data 'backup' does not match format '%Y%m%d'
[Backup] 清理旧备份失败: time data 'backup' does not match format '%Y%m%d'
[Backup] 清理旧备份失败: time data 'backup' does not match format '%Y%m%d'
[Backup] 清理旧备份失败: time data 'backup' does not match format '%Y%m%d'
[Backup] 清理旧备份失败: time data 'backup' does not match format '%Y%m%d'
[Backup] 清理旧备份失败: time data 'backup' does not match format '%Y%m%d'
[Backup] 清理旧备份失败: time data 'backup' does not match format '%Y%m%d'
[Backup] 清理旧备份失败: time data 'backup' does not match format '%Y%m%d'
[Backup] 清理旧备份失败: time data 'backup' does not match format '%Y%m%d'
[Backup] 清理旧备份失败: time data 'backup' does not match format '%Y%m%d'
[Backup] 清理旧备份失败: time data 'backup' does not match format '%Y%m%d'
[Backup] 清理旧备份失败: time data 'backup' does not match format '%Y%m%d'
[Backup] 清理旧备份失败: time data 'backup' does not match format '%Y%m%d'
[Backup] 清理旧备份失败: time data 'backup' does not match format '%Y%m%d'
[Backup] 清理旧备份失败: time data 'backup' does not match format '%Y%m%d'
[Backup] 清理旧备份失败: time data 'backup' does not match format '%Y%m%d'
[Backup] 清理旧备份失败: time data 'backup' does not match format '%Y%m%d'
[Backup] 清理旧备份失败: time data 'backup' does not match format '%Y%m%d'
[Backup] 清理旧备份失败: time data 'backup' does not match format '%Y%m%d'
[Backup] 清理旧备份失败: time data 'backup' does not match format '%Y%m%d'
[Backup] 清理旧备份失败: time data 'backup' does not match format '%Y%m%d'
[Backup] 清理旧备份失败: time data 'backup' does not match format '%Y%m%d'
[Backup] 清理旧备份失败: time data 'backup' does not match format '%Y%m%d'
[Backup] 清理旧备份失败: time data 'backup' does not match format '%Y%m%d'
[Backup] 清理旧备份失败: time data 'backup' does not match format '%Y%m%d'
[Backup] 清理旧备份失败: time data 'backup' does not match format '%Y%m%d'
[Backup] 清理旧备份失败: time data 'backup' does not match format '%Y%m%d'
[Backup] 清理旧备份失败: time data 'backup' does not match format '%Y%m%d'
[Backup] 清理旧备份失败: time data 'backup' does not match format '%Y%m%d'
[Backup] 清理旧备份失败: time data 'backup' does not match format '%Y%m%d'
[Backup] 清理旧备份失败: time data 'backup' does not match format '%Y%m%d'
[Backup] 清理旧备份失败: time data 'backup' does not match format '%Y%m%d'
[Backup] 清理旧备份失败: time data 'backup' does not match format '%Y%m%d'
[Backup] 清理旧备份失败: time data 'backup' does not match format '%Y%m%d'
[Backup] 清理旧备份失败: time data 'backup' does not match format '%Y%m%d'
[Backup] 清理旧备份失败: time data 'backup' does not match format '%Y%m%d'
[Backup] 清理旧备份失败: time data 'backup' does not match format '%Y%m%d'
[Backup] 清理旧备份失败: time data 'backup' does not match format '%Y%m%d'
[Backup] 清理旧备份失败: time data 'backup' does not match format '%Y%m%d'
[Backup] 清理旧备份失败: time data 'backup' does not match format '%Y%m%d'
[Backup] 清理旧备份失败: time data 'backup' does not match format '%Y%m%d'
[Backup] 清理旧备份失败: time data 'backup' does not match format '%Y%m%d'
[Backup] 清理旧备份失败: time data 'backup' does not match format '%Y%m%d'
[Backup] 清理旧备份失败: time data 'backup' does not match format '%Y%m%d'
[Backup] 清理旧备份失败: time data 'backup' does not match format '%Y%m%d'
[Backup] 清理旧备份失败: time data 'backup' does not match format '%Y%m%d'
[Backup] 清理旧备份失败: time data 'backup' does not match format '%Y%m%d'
[Backup] 清理旧备份失败: time data 'backup' does not match format '%Y%m%d'
[Backup] 清理旧备份失败: time data 'backup' does not match format '%Y%m%d'
[Backup] 清理旧备份失败: time data 'backup' does not match format '%Y%m%d'
[Backup] 清理旧备份失败: time data 'backup' does not match format '%Y%m%d'
[Backup] 清理旧备份失败: time data 'backup' does not match format '%Y%m%d'
[Backup] 清理旧备份失败: time data 'backup' does not match format '%Y%m%d'
[Backup] 清理旧备份失败: time data 'backup' does not match format '%Y%m%d'
[Backup] 清理旧备份失败: time data 'backup' does not match format '%Y%m%d'
[Backup] 清理旧备份失败: time data 'backup' does not match format '%Y%m%d'
[Backup] 清理旧备份失败: time data 'backup' does not match format '%Y%m%d'
[Backup] 清理旧备份失败: time data 'backup' does not match format '%Y%m%d'
[Backup] 清理旧备份失败: time data 'backup' does not match format '%Y%m%d'
[Backup] 清理旧备份失败: time data 'backup' does not match format '%Y%m%d'
[Backup] 清理旧备份失败: time data 'backup' does not match format '%Y%m%d'
[Backup] 清理旧备份失败: time data 'backup' does not match format '%Y%m%d'
[Backup] 清理旧备份失败: time data 'backup' does not match format '%Y%m%d'
[Backup] 清理旧备份失败: time data 'backup' does not match format '%Y%m%d'
[Backup] 清理旧备份失败: time data 'backup' does not match format '%Y%m%d'
[Backup] 清理旧备份失败: time data 'backup' does not match format '%Y%m%d'
[Backup] 清理旧备份失败: time data 'backup' does not match format '%Y%m%d'
[Backup] 清理旧备份失败: time data 'backup' does not match format '%Y%m%d'
[Backup] 清理旧备份失败: time data 'backup' does not match format '%Y%m%d'
[Backup] 清理旧备份失败: time data 'backup' does not match format '%Y%m%d'
[Backup] 清理旧备份失败: time data 'backup' does not match format '%Y%m%d'
[Backup] 清理旧备份失败: time data 'backup' does not match format '%Y%m%d'
[Backup] 清理旧备份失败: time data 'backup' does not match format '%Y%m%d'
[Backup] 清理旧备份失败: time data 'backup' does not match format '%Y%m%d'
[Backup] 清理旧备份失败: time data 'backup' does not match format '%Y%m%d'
[Backup] 清理旧备份失败: time data 'backup' does not match format '%Y%m%d'
[Backup] 清理旧备份失败: time data 'backup' does not match format '%Y%m%d'
[Backup] 清理旧备份失败: time data 'backup' does not match format '%Y%m%d'
[Backup] 清理旧备份失败: time data 'backup' does not match format '%Y%m%d'
[Backup] 清理旧备份失败: time data 'backup' does not match format '%Y%m%d'
[Backup] 清理旧备份失败: time data 'backup' does not match format '%Y%m%d'
[Backup] 清理旧备份失败: time data 'backup' does not match format '%Y%m%d'
[Backup] 清理旧备份失败: time data 'backup' does not match format '%Y%m%d'
[Backup] 清理旧备份失败: time data 'backup' does not match format '%Y%m%d'
[Backup] 清理旧备份失败: time data 'backup' does not match format '%Y%m%d'
[Backup] 清理旧备份失败: time data 'backup' does not match format '%Y%m%d'
[Backup] 清理旧备份失败: time data 'backup' does not match format '%Y%m%d'
[Backup] 清理旧备份失败: time data 'backup' does not match format '%Y%m%d'
[Backup] 清理旧备份失败: time data 'backup' does not match format '%Y%m%d'
[Backup] 清理旧备份失败: time data 'backup' does not match format '%Y%m%d'
[Backup] 清理旧备份失败: time data 'backup' does not match format '%Y%m%d'
[Backup] 清理旧备份失败: time data 'backup' does not match format '%Y%m%d'
[Backup] 清理旧备份失败: time data 'backup' does not match format '%Y%m%d'
[Backup] 清理旧备份失败: time data 'backup' does not match format '%Y%m%d'
[Backup] 清理旧备份失败: time data 'backup' does not match format '%Y%m%d'
[Backup] 清理旧备份失败: time data 'backup' does not match format '%Y%m%d'
[Backup] 清理旧备份失败: time data 'backup' does not match format '%Y%m%d'
[Backup] 清理旧备份失败: time data 'backup' does not match format '%Y%m%d'
[Backup] 清理旧备份失败: time data 'backup' does not match format '%Y%m%d'
[Backup] 清理旧备份失败: time data 'backup' does not match format '%Y%m%d'
[Backup] 清理旧备份失败: time data 'backup' does not match format '%Y%m%d'
[Backup] 清理旧备份失败: time data 'backup' does not match format '%Y%m%d'
[Backup] 清理旧备份失败: time data 'backup' does not match format '%Y%m%d'
[Backup] 清理旧备份失败: time data 'backup' does not match format '%Y%m%d'
[Backup] 清理旧备份失败: time data 'backup' does not match format '%Y%m%d'
[Backup] 清理旧备份失败: time data 'backup' does not match format '%Y%m%d'
[Backup] 清理旧备份失败: time data 'backup' does not match format '%Y%m%d'
[Backup] 清理旧备份失败: time data 'backup' does not match format '%Y%m%d'
[Backup] 清理旧备份失败: time data 'backup' does not match format '%Y%m%d'
[Backup] 清理旧备份失败: time data 'backup' does not match format '%Y%m%d'
[Backup] 清理旧备份失败: time data 'backup' does not match format '%Y%m%d'
[Backup] 清理旧备份失败: time data 'backup' does not match format '%Y%m%d'
[Backup] 清理旧备份失败: time data 'backup' does not match format '%Y%m%d'
[Backup] 清理旧备份失败: time data 'backup' does not match format '%Y%m%d'
[Backup] 清理旧备份失败: time data 'backup' does not match format '%Y%m%d'
[Backup] 清理旧备份失败: time data 'backup' does not match format '%Y%m%d'
[Backup] 清理旧备份失败: time data 'backup' does not match format '%Y%m%d'
[Backup] 清理旧备份失败: time data 'backup' does not match format '%Y%m%d'
[Backup] 清理旧备份失败: time data 'backup' does not match format '%Y%m%d'
[Backup] 清理旧备份失败: time data 'backup' does not match format '%Y%m%d'
[Backup] 清理旧备份失败: time data 'backup' does not match format '%Y%m%d'
[Backup] 清理旧备份失败: time data 'backup' does not match format '%Y%m%d'
[Backup] 清理旧备份失败: time data 'backup' does not match format '%Y%m%d'
[Backup] 清理旧备份失败: time data 'backup' does not match format '%Y%m%d'
[Backup] 清理旧备份失败: time data 'backup' does not match format '%Y%m%d'
[Backup] 清理旧备份失败: time data 'backup' does not match format '%Y%m%d'
[Backup] 清理旧备份失败: time data 'backup' does not match format '%Y%m%d'
[Backup] 清理旧备份失败: time data 'backup' does not match format '%Y%m%d'
[Backup] 清理旧备份失败: time data 'backup' does not match format '%Y%m%d'
[Backup] 清理旧备份失败: time data 'backup' does not match format '%Y%m%d'
[Backup] 清理旧备份失败: time data 'backup' does not match format '%Y%m%d'
[Backup] 清理旧备份失败: time data 'backup' does not match format '%Y%m%d'
[Backup] 清理旧备份失败: time data 'backup' does not match format '%Y%m%d'
[Backup] 清理旧备份失败: time data 'backup' does not match format '%Y%m%d'
[Backup] 清理旧备份失败: time data 'backup' does not match format '%Y%m%d'
[Backup] 清理旧备份失败: time data 'backup' does not match format '%Y%m%d'
[Backup] 清理旧备份失败: time data 'backup' does not match format '%Y%m%d'
[Backup] 清理旧备份失败: time data 'backup' does not match format '%Y%m%d'
[Backup] 清理旧备份失败: time data 'backup' does not match format '%Y%m%d'
[Backup] 清理旧备份失败: time data 'backup' does not match format '%Y%m%d'
[Backup] 清理旧备份失败: time data 'backup' does not match format '%Y%m%d'
[Backup] 清理旧备份失败: time data 'backup' does not match format '%Y%m%d'
[Backup] 清理旧备份失败: time data 'backup' does not match format '%Y%m%d'
[Backup] 清理旧备份失败: time data 'backup' does not match format '%Y%m%d'
[Backup] 清理旧备份失败: time data 'backup' does not match format '%Y%m%d'
[Backup] 清理旧备份失败: time data 'backup' does not match format '%Y%m%d'
[Backup] 清理旧备份失败: time data 'backup' does not match format '%Y%m%d'
[Backup] 清理旧备份失败: time data 'backup' does not match format '%Y%m%d'
[Backup] 清理旧备份失败: time data 'backup' does not match format '%Y%m%d'
[Backup] 清理旧备份失败: time data 'backup' does not match format '%Y%m%d'
[Backup] 清理旧备份失败: time data 'backup' does not match format '%Y%m%d'
[Backup] 清理旧备份失败: time data 'backup' does not match format '%Y%m%d'
[Backup] 清理旧备份失败: time data 'backup' does not match format '%Y%m%d'
[Backup] 清理旧备份失败: time data 'backup' does not match format '%Y%m%d'
[Backup] 清理旧备份失败: time data 'backup' does not match format '%Y%m%d'
[Backup] 清理旧备份失败: time data 'backup' does not match format '%Y%m%d'
[Backup] 清理旧备份失败: time data 'backup' does not match format '%Y%m%d'
[Backup] 清理旧备份失败: time data 'backup' does not match format '%Y%m%d'
[Backup] 清理旧备份失败: time data 'backup' does not match format '%Y%m%d'
[Backup] 清理旧备份失败: time data 'backup' does not match format '%Y%m%d'
[Backup] 清理旧备份失败: time data 'backup' does not match format '%Y%m%d'
[Backup] 清理旧备份失败: time data 'backup' does not match format '%Y%m%d'
[Backup] 清理旧备份失败: time data 'backup' does not match format '%Y%m%d'
[Backup] 清理旧备份失败: time data 'backup' does not match format '%Y%m%d'
[Backup] 清理旧备份失败: time data 'backup' does not match format '%Y%m%d'
[Backup] 清理旧备份失败: time data 'backup' does not match format '%Y%m%d'
[Backup] 清理旧备份失败: time data 'backup' does not match format '%Y%m%d'
[Backup] 清理旧备份失败: time data 'backup' does not match format '%Y%m%d'
[Backup] 清理旧备份失败: time data 'backup' does not match format '%Y%m%d'
[Backup] 清理旧备份失败: time data 'backup' does not match format '%Y%m%d'
[Backup] 清理旧备份失败: time data 'backup' does not match format '%Y%m%d'
[Backup] 清理旧备份失败: time data 'backup' does not match format '%Y%m%d'
[Backup] 清理旧备份失败: time data 'backup' does not match format '%Y%m%d'
[Backup] 清理旧备份失败: time data 'backup' does not match format '%Y%m%d'
[Backup] 清理旧备份失败: time data 'backup' does not match format '%Y%m%d'
[Backup] 清理旧备份失败: time data 'backup' does not match format '%Y%m%d'
[Backup] 清理旧备份失败: time data 'backup' does not match format '%Y%m%d'
[Backup] 清理旧备份失败: time data 'backup' does not match format '%Y%m%d'
[Backup] 清理旧备份失败: time data 'backup' does not match format '%Y%m%d'
[Backup] 清理旧备份失败: time data 'backup' does not match format '%Y%m%d'
[Backup] 清理旧备份失败: time data 'backup' does not match format '%Y%m%d'
[Backup] 清理旧备份失败: time data 'backup' does not match format '%Y%m%d'
[Backup] 清理旧备份失败: time data 'backup' does not match format '%Y%m%d'
[Backup] 清理旧备份失败: time data 'backup' does not match format '%Y%m%d'
[Backup] 清理旧备份失败: time data 'backup' does not match format '%Y%m%d'
[Backup] 清理旧备份失败: time data 'restore' does not match format '%Y%m%d'
[Startup] 每日备份已就绪
[Startup] Ready! Open http://localhost:5002
[Memory] 内存监控已启动 (5分钟间隔)
[Health] 启动自检中...
[Health] ✅ 纸引擎就绪
[Health] ✅ 因子缓存存在
[Health] ⚠ THS持仓文件缺失/为空
[Health] 自检完成: 2通过 1警告
WARNING:waitress.queue:Task queue depth is 1
WARNING:waitress.queue:Task queue depth is 2
WARNING:waitress.queue:Task queue depth is 3
[Names] Ready: 5633 names
[Industry] Ready: 5509 mappings
[Names] Total: 5633 names
[LinkTrader] DLL loaded: D:\联动精灵\第三方交易接口\Win64\linkorder.dll

ℹ️ [INFO] ✅ 潜龙系统已就绪
行情:314只 | 因子:0条 | DLL:已加载
策略:3个在线 | 时间:02:24

[Init] Sector indices loaded: 110, source=📡 westock实时 (市场指数)
[Init] Cache load failed: Ran out of input
[Init] Loading data from: D:\通信达技术指标\六合一竞价擒龙（下载到电脑里解压）\六合一竞价擒龙（下载到电脑里解压）\vipdoc
[2026-06-22 02:24:13] Flask 无响应 (1/2)
[2026-06-22 02:24:13] 心跳💓 Flask=DOWN
[Init] Loaded 5860 stocks, saving data cache...
WARNING:waitress.queue:Task queue depth is 4
[Init] Background: computing factors...[Init] Factor build started in background, Flask starting now...

[Factor] Building signals for 3500 stocks (step=1)...
[Paper] _load: cash=831730.235 (from file=831730.235), positions=1, trades=7, auto=True
[Factor] Built 0 signals (5-level scoring)
[Init] Factor cache ready: 0 stocks
[Init] Background: 0 factors computed, saving...
[Init] Factor cache saved — ready! (0KB)
[Startup] Price cache: 5860 symbols
[Startup] 每日自动进化已启用 (02:00)
  + app.py
  + auto_evolve.py
  + data_collector.py
  + watchdog.py
  + dingtalk_alerts.py
  + paper_engine.py
  + risk_guard.py
  + realtime_quotes.py
  + live_trader_config.json
  + templates/ (42 files)
  + quant_agent/ (6 files)

📦 备份完成: backup_20260622_022459.zip (277KB)
WARNING:waitress.queue:Task queue depth is 5
[2026-06-22 02:25:25] Flask 无响应 (2/2)
[2026-06-22 02:25:25] 连续2次失败，重启Flask...
[2026-06-22 02:25:25] 杀掉Flask进程 PID=9048
[2026-06-22 02:25:27] Flask 启动中...
[2026-06-22 02:25:27] Flask重启#1 (本小时第1次)，等待30秒...

🚨 [ERROR] ⚠️ 系统异常: Flask
**组件**: Flask

**错误**: 自动重启#1 (本小时第1次)

[2026-06-22 02:29:04] 心跳💓 Flask=OK
[2026-06-22 02:30:08] Flask 无响应 (1/2)
