SQLAlchemy 未安装 (不影响 sqlite_persistence 运行). 如需 ORM 功能请执行: pip install sqlalchemy>=2.0
  0%|          | 0/58 [00:00<?, ?it/s]  2%|▏         | 1/58 [00:01<01:19,  1.40s/it]Exception in thread Thread-21 (_readerthread):
Traceback (most recent call last):
  File "C:\Program Files\Python312\Lib\threading.py", line 1075, in _bootstrap_inner
    self.run()
  File "C:\Program Files\Python312\Lib\threading.py", line 1012, in run
    self._target(*self._args, **self._kwargs)
  File "C:\Program Files\Python312\Lib\subprocess.py", line 1601, in _readerthread
    buffer.append(fh.read())
                  ^^^^^^^^^
  File "<frozen codecs>", line 322, in decode
UnicodeDecodeError: 'utf-8' codec can't decode byte 0xd0 in position 0: invalid continuation byte
Exception in thread Thread-23 (_readerthread):
Traceback (most recent call last):
  File "C:\Program Files\Python312\Lib\threading.py", line 1075, in _bootstrap_inner
    self.run()
  File "C:\Program Files\Python312\Lib\threading.py", line 1012, in run
    self._target(*self._args, **self._kwargs)
  File "C:\Program Files\Python312\Lib\subprocess.py", line 1601, in _readerthread
    buffer.append(fh.read())
                  ^^^^^^^^^
  File "<frozen codecs>", line 322, in decode
UnicodeDecodeError: 'utf-8' codec can't decode byte 0xd0 in position 0: invalid continuation byte
  3%|▎         | 2/58 [00:03<01:29,  1.59s/it]                                              WARNING:waitress.queue:Task queue depth is 1
WARNING:waitress.queue:Task queue depth is 2
WARNING:waitress.queue:Task queue depth is 1
